Archive member included to satisfy reference by file (symbol)

/usr/lib64/gcc/arm-none-eabi/14/../../../../arm-none-eabi/lib/thumb/v7e-m/nofp/libc.a(libc_a-atexit.o)
                              /usr/lib64/gcc/arm-none-eabi/14/../../../../arm-none-eabi/lib/thumb/v7e-m/nofp/crt0.o (atexit)
/usr/lib64/gcc/arm-none-eabi/14/../../../../arm-none-eabi/lib/thumb/v7e-m/nofp/libc.a(libc_a-exit.o)
                              /usr/lib64/gcc/arm-none-eabi/14/../../../../arm-none-eabi/lib/thumb/v7e-m/nofp/crt0.o (exit)
/usr/lib64/gcc/arm-none-eabi/14/../../../../arm-none-eabi/lib/thumb/v7e-m/nofp/libc.a(libc_a-findfp.o)
                              /usr/lib64/gcc/arm-none-eabi/14/../../../../arm-none-eabi/lib/thumb/v7e-m/nofp/libc.a(libc_a-exit.o) (__stdio_exit_handler)
/usr/lib64/gcc/arm-none-eabi/14/../../../../arm-none-eabi/lib/thumb/v7e-m/nofp/libc.a(libc_a-fwalk.o)
                              /usr/lib64/gcc/arm-none-eabi/14/../../../../arm-none-eabi/lib/thumb/v7e-m/nofp/libc.a(libc_a-findfp.o) (_fwalk_sglue)
/usr/lib64/gcc/arm-none-eabi/14/../../../../arm-none-eabi/lib/thumb/v7e-m/nofp/libc.a(libc_a-printf.o)
                              CMakeFiles/CLionGD32F303CG.elf.dir/Source/main.c.obj (printf)
/usr/lib64/gcc/arm-none-eabi/14/../../../../arm-none-eabi/lib/thumb/v7e-m/nofp/libc.a(libc_a-stdio.o)
                              /usr/lib64/gcc/arm-none-eabi/14/../../../../arm-none-eabi/lib/thumb/v7e-m/nofp/libc.a(libc_a-findfp.o) (__sread)
/usr/lib64/gcc/arm-none-eabi/14/../../../../arm-none-eabi/lib/thumb/v7e-m/nofp/libc.a(libc_a-memset.o)
                              /usr/lib64/gcc/arm-none-eabi/14/../../../../arm-none-eabi/lib/thumb/v7e-m/nofp/crt0.o (memset)
/usr/lib64/gcc/arm-none-eabi/14/../../../../arm-none-eabi/lib/thumb/v7e-m/nofp/libc.a(libc_a-closer.o)
                              /usr/lib64/gcc/arm-none-eabi/14/../../../../arm-none-eabi/lib/thumb/v7e-m/nofp/libc.a(libc_a-stdio.o) (_close_r)
/usr/lib64/gcc/arm-none-eabi/14/../../../../arm-none-eabi/lib/thumb/v7e-m/nofp/libc.a(libc_a-reent.o)
                              /usr/lib64/gcc/arm-none-eabi/14/../../../../arm-none-eabi/lib/thumb/v7e-m/nofp/libc.a(libc_a-closer.o) (errno)
/usr/lib64/gcc/arm-none-eabi/14/../../../../arm-none-eabi/lib/thumb/v7e-m/nofp/libc.a(libc_a-impure.o)
                              /usr/lib64/gcc/arm-none-eabi/14/../../../../arm-none-eabi/lib/thumb/v7e-m/nofp/libc.a(libc_a-printf.o) (_impure_ptr)
/usr/lib64/gcc/arm-none-eabi/14/../../../../arm-none-eabi/lib/thumb/v7e-m/nofp/libc.a(libc_a-lseekr.o)
                              /usr/lib64/gcc/arm-none-eabi/14/../../../../arm-none-eabi/lib/thumb/v7e-m/nofp/libc.a(libc_a-stdio.o) (_lseek_r)
/usr/lib64/gcc/arm-none-eabi/14/../../../../arm-none-eabi/lib/thumb/v7e-m/nofp/libc.a(libc_a-readr.o)
                              /usr/lib64/gcc/arm-none-eabi/14/../../../../arm-none-eabi/lib/thumb/v7e-m/nofp/libc.a(libc_a-stdio.o) (_read_r)
/usr/lib64/gcc/arm-none-eabi/14/../../../../arm-none-eabi/lib/thumb/v7e-m/nofp/libc.a(libc_a-writer.o)
                              /usr/lib64/gcc/arm-none-eabi/14/../../../../arm-none-eabi/lib/thumb/v7e-m/nofp/libc.a(libc_a-stdio.o) (_write_r)
/usr/lib64/gcc/arm-none-eabi/14/../../../../arm-none-eabi/lib/thumb/v7e-m/nofp/libc.a(libc_a-init.o)
                              /usr/lib64/gcc/arm-none-eabi/14/../../../../arm-none-eabi/lib/thumb/v7e-m/nofp/crt0.o (__libc_init_array)
/usr/lib64/gcc/arm-none-eabi/14/../../../../arm-none-eabi/lib/thumb/v7e-m/nofp/libc.a(libc_a-fini.o)
                              /usr/lib64/gcc/arm-none-eabi/14/../../../../arm-none-eabi/lib/thumb/v7e-m/nofp/crt0.o (__libc_fini_array)
/usr/lib64/gcc/arm-none-eabi/14/../../../../arm-none-eabi/lib/thumb/v7e-m/nofp/libc.a(libc_a-syscalls.o)
                              /usr/lib64/gcc/arm-none-eabi/14/../../../../arm-none-eabi/lib/thumb/v7e-m/nofp/crt0.o (initialise_monitor_handles)
/usr/lib64/gcc/arm-none-eabi/14/../../../../arm-none-eabi/lib/thumb/v7e-m/nofp/libc.a(libc_a-memcpy.o)
                              CMakeFiles/CLionGD32F303CG.elf.dir/Source/main.c.obj (memcpy)
/usr/lib64/gcc/arm-none-eabi/14/../../../../arm-none-eabi/lib/thumb/v7e-m/nofp/libc.a(libc_a-strlen.o)
                              /usr/lib64/gcc/arm-none-eabi/14/../../../../arm-none-eabi/lib/thumb/v7e-m/nofp/libc.a(libc_a-syscalls.o) (strlen)
/usr/lib64/gcc/arm-none-eabi/14/../../../../arm-none-eabi/lib/thumb/v7e-m/nofp/libc.a(libc_a-__atexit.o)
                              /usr/lib64/gcc/arm-none-eabi/14/../../../../arm-none-eabi/lib/thumb/v7e-m/nofp/libc.a(libc_a-atexit.o) (__register_exitproc)
/usr/lib64/gcc/arm-none-eabi/14/../../../../arm-none-eabi/lib/thumb/v7e-m/nofp/libc.a(libc_a-__call_atexit.o)
                              /usr/lib64/gcc/arm-none-eabi/14/../../../../arm-none-eabi/lib/thumb/v7e-m/nofp/libc.a(libc_a-exit.o) (__call_exitprocs)
/usr/lib64/gcc/arm-none-eabi/14/../../../../arm-none-eabi/lib/thumb/v7e-m/nofp/libc.a(libc_a-freer.o)
[...]
Memory Configuration

Name             Origin             Length             Attributes
RAM              0x20000000         0x00018000         xrw
FLASH            0x08000000         0x00100000         xr
*default*        0x00000000         0xffffffff

Linker script and memory map

LOAD /usr/lib64/gcc/arm-none-eabi/14/thumb/v7e-m/nofp/crti.o
LOAD /usr/lib64/gcc/arm-none-eabi/14/thumb/v7e-m/nofp/crtbegin.o
LOAD /usr/lib64/gcc/arm-none-eabi/14/../../../../arm-none-eabi/lib/thumb/v7e-m/nofp/crt0.o
LOAD CMakeFiles/CLionGD32F303CG.elf.dir/Drivers/CMSIS/GD/GD32F30x/Source/gcc/startup_gd32f30x_xd.S.obj
LOAD CMakeFiles/CLionGD32F303CG.elf.dir/Drivers/CMSIS/GD/GD32F30x/Source/system_gd32f30x.c.obj
LOAD CMakeFiles/CLionGD32F303CG.elf.dir/Drivers/GD32F30x_standard_peripheral/Source/gd32f30x_adc.c.obj
LOAD CMakeFiles/CLionGD32F303CG.elf.dir/Drivers/GD32F30x_standard_peripheral/Source/gd32f30x_bkp.c.obj
LOAD CMakeFiles/CLionGD32F303CG.elf.dir/Drivers/GD32F30x_standard_peripheral/Source/gd32f30x_can.c.obj
LOAD CMakeFiles/CLionGD32F303CG.elf.dir/Drivers/GD32F30x_standard_peripheral/Source/gd32f30x_crc.c.obj
LOAD CMakeFiles/CLionGD32F303CG.elf.dir/Drivers/GD32F30x_standard_peripheral/Source/gd32f30x_ctc.c.obj
LOAD CMakeFiles/CLionGD32F303CG.elf.dir/Drivers/GD32F30x_standard_peripheral/Source/gd32f30x_dac.c.obj
LOAD CMakeFiles/CLionGD32F303CG.elf.dir/Drivers/GD32F30x_standard_peripheral/Source/gd32f30x_dbg.c.obj
LOAD CMakeFiles/CLionGD32F303CG.elf.dir/Drivers/GD32F30x_standard_peripheral/Source/gd32f30x_dma.c.obj
LOAD CMakeFiles/CLionGD32F303CG.elf.dir/Drivers/GD32F30x_standard_peripheral/Source/gd32f30x_enet.c.obj
LOAD CMakeFiles/CLionGD32F303CG.elf.dir/Drivers/GD32F30x_standard_peripheral/Source/gd32f30x_exmc.c.obj
LOAD CMakeFiles/CLionGD32F303CG.elf.dir/Drivers/GD32F30x_standard_peripheral/Source/gd32f30x_exti.c.obj
LOAD CMakeFiles/CLionGD32F303CG.elf.dir/Drivers/GD32F30x_standard_peripheral/Source/gd32f30x_fmc.c.obj
LOAD CMakeFiles/CLionGD32F303CG.elf.dir/Drivers/GD32F30x_standard_peripheral/Source/gd32f30x_fwdgt.c.obj
LOAD CMakeFiles/CLionGD32F303CG.elf.dir/Drivers/GD32F30x_standard_peripheral/Source/gd32f30x_gpio.c.obj
LOAD CMakeFiles/CLionGD32F303CG.elf.dir/Drivers/GD32F30x_standard_peripheral/Source/gd32f30x_i2c.c.obj
LOAD CMakeFiles/CLionGD32F303CG.elf.dir/Drivers/GD32F30x_standard_peripheral/Source/gd32f30x_misc.c.obj
LOAD CMakeFiles/CLionGD32F303CG.elf.dir/Drivers/GD32F30x_standard_peripheral/Source/gd32f30x_pmu.c.obj
LOAD CMakeFiles/CLionGD32F303CG.elf.dir/Drivers/GD32F30x_standard_peripheral/Source/gd32f30x_rcu.c.obj
LOAD CMakeFiles/CLionGD32F303CG.elf.dir/Drivers/GD32F30x_standard_peripheral/Source/gd32f30x_rtc.c.obj
LOAD CMakeFiles/CLionGD32F303CG.elf.dir/Drivers/GD32F30x_standard_peripheral/Source/gd32f30x_sdio.c.obj
LOAD CMakeFiles/CLionGD32F303CG.elf.dir/Drivers/GD32F30x_standard_peripheral/Source/gd32f30x_spi.c.obj
LOAD CMakeFiles/CLionGD32F303CG.elf.dir/Drivers/GD32F30x_standard_peripheral/Source/gd32f30x_timer.c.obj
LOAD CMakeFiles/CLionGD32F303CG.elf.dir/Drivers/GD32F30x_standard_peripheral/Source/gd32f30x_usart.c.obj
LOAD CMakeFiles/CLionGD32F303CG.elf.dir/Drivers/GD32F30x_standard_peripheral/Source/gd32f30x_wwdgt.c.obj
LOAD CMakeFiles/CLionGD32F303CG.elf.dir/Drivers/GD32F30x_usbd_library/class/device/cdc/Source/cdc_acm_core.c.obj
LOAD CMakeFiles/CLionGD32F303CG.elf.dir/Drivers/GD32F30x_usbd_library/device/Source/usbd_core.c.obj
LOAD CMakeFiles/CLionGD32F303CG.elf.dir/Drivers/GD32F30x_usbd_library/device/Source/usbd_enum.c.obj
LOAD CMakeFiles/CLionGD32F303CG.elf.dir/Drivers/GD32F30x_usbd_library/device/Source/usbd_pwr.c.obj
LOAD CMakeFiles/CLionGD32F303CG.elf.dir/Drivers/GD32F30x_usbd_library/device/Source/usbd_transc.c.obj
LOAD CMakeFiles/CLionGD32F303CG.elf.dir/Drivers/GD32F30x_usbd_library/usbd/Source/usbd_lld_core.c.obj
LOAD CMakeFiles/CLionGD32F303CG.elf.dir/Drivers/GD32F30x_usbd_library/usbd/Source/usbd_lld_int.c.obj
LOAD CMakeFiles/CLionGD32F303CG.elf.dir/Source/gd32f30x_it.c.obj
LOAD CMakeFiles/CLionGD32F303CG.elf.dir/Source/gd32f30x_usbd_hw.c.obj
LOAD CMakeFiles/CLionGD32F303CG.elf.dir/Source/main.c.obj
START GROUP
LOAD /usr/lib64/gcc/arm-none-eabi/14/thumb/v7e-m/nofp/libgcc.a
LOAD /usr/lib64/gcc/arm-none-eabi/14/../../../../arm-none-eabi/lib/thumb/v7e-m/nofp/libc.a
END GROUP
START GROUP
LOAD /usr/lib64/gcc/arm-none-eabi/14/thumb/v7e-m/nofp/libgcc.a
LOAD /usr/lib64/gcc/arm-none-eabi/14/../../../../arm-none-eabi/lib/thumb/v7e-m/nofp/libc.a
LOAD /usr/lib64/gcc/arm-none-eabi/14/../../../../arm-none-eabi/lib/thumb/v7e-m/nofp/libnosys.a
END GROUP
LOAD /usr/lib64/gcc/arm-none-eabi/14/thumb/v7e-m/nofp/crtend.o
LOAD /usr/lib64/gcc/arm-none-eabi/14/thumb/v7e-m/nofp/crtn.o
                0x20018000                        _estack = 0x20018000
                0x00000200                        _Min_Heap_Size = 0x200
                0x00000400                        _Min_Stack_Size = 0x400

.isr_vector     0x08000000      0x130
                0x08000000                        . = ALIGN (0x4)
 *(.isr_vector)
 .isr_vector    0x08000000      0x130 CMakeFiles/CLionGD32F303CG.elf.dir/Drivers/CMSIS/GD/GD32F30x/Source/gcc/startup_gd32f30x_xd.S.obj
                0x08000000                g_pfnVectors
                0x08000130                        . = ALIGN (0x4)

.text           0x08000140     0x8540
                0x08000140                        . = ALIGN (0x4)
 *(.text)
 .text          0x08000140       0x88 /usr/lib64/gcc/arm-none-eabi/14/thumb/v7e-m/nofp/crtbegin.o
 .text          0x080001c8      0x134 /usr/lib64/gcc/arm-none-eabi/14/../../../../arm-none-eabi/lib/thumb/v7e-m/nofp/libc.a(libc_a-memcpy.o)
                0x080001c8                memcpy
 *fill*         0x080002fc        0x4 
 .text          0x08000300       0xd8 /usr/lib64/gcc/arm-none-eabi/14/../../../../arm-none-eabi/lib/thumb/v7e-m/nofp/libc.a(libc_a-strlen.o)
                0x08000300                strlen
 *fill*         0x080003d8        0x8 
 .text          0x080003e0       0xa0 /usr/lib64/gcc/arm-none-eabi/14/../../../../arm-none-eabi/lib/thumb/v7e-m/nofp/libc.a(libc_a-memchr.o)
                0x080003e0                memchr
 .text          0x08000480      0x378 /usr/lib64/gcc/arm-none-eabi/14/thumb/v7e-m/nofp/libgcc.a(_arm_addsubdf3.o)
                0x08000480                __aeabi_drsub
                0x08000488                __aeabi_dsub
                0x08000488                __subdf3
                0x0800048c                __adddf3
                0x0800048c                __aeabi_dadd
                0x08000704                __aeabi_ui2d
                0x08000704                __floatunsidf
                0x08000724                __floatsidf
                0x08000724                __aeabi_i2d
                0x08000748                __extendsfdf2
                0x08000748                __aeabi_f2d
                0x0800078c                __aeabi_ul2d
                0x0800078c                __floatundidf
                0x0800079c                __floatdidf
                0x0800079c                __aeabi_l2d
 .text          0x080007f8      0x424 /usr/lib64/gcc/arm-none-eabi/14/thumb/v7e-m/nofp/libgcc.a(_arm_muldivdf3.o)
                0x080007f8                __aeabi_dmul
                0x080007f8                __muldf3
                0x08000a4c                __aeabi_ddiv
                0x08000a4c                __divdf3
 .text          0x08000c1c      0x110 /usr/lib64/gcc/arm-none-eabi/14/thumb/v7e-m/nofp/libgcc.a(_arm_cmpdf2.o)
                0x08000c1c                __gtdf2
                0x08000c1c                __gedf2
                0x08000c24                __ltdf2
                0x08000c24                __ledf2
                0x08000c2c                __cmpdf2
                0x08000c2c                __eqdf2
                0x08000c2c                __nedf2
                0x08000ca8                __aeabi_cdrcmple
                0x08000cb8                __aeabi_cdcmple
                0x08000cb8                __aeabi_cdcmpeq
                0x08000cc8                __aeabi_dcmpeq
                0x08000cdc                __aeabi_dcmplt
                0x08000cf0                __aeabi_dcmple
                0x08000d04                __aeabi_dcmpge
                0x08000d18                __aeabi_dcmpgt
 .text          0x08000d2c       0x2c /usr/lib64/gcc/arm-none-eabi/14/thumb/v7e-m/nofp/libgcc.a(_arm_unorddf2.o)
                0x08000d2c                __aeabi_dcmpun
                0x08000d2c                __unorddf2
 .text          0x08000d58       0x50 /usr/lib64/gcc/arm-none-eabi/14/thumb/v7e-m/nofp/libgcc.a(_arm_fixdfsi.o)
                0x08000d58                __fixdfsi
                0x08000d58                __aeabi_d2iz
 *(.text*)
 .text.Reset_Handler
                0x08000da8       0x48 CMakeFiles/CLionGD32F303CG.elf.dir/Drivers/CMSIS/GD/GD32F30x/Source/gcc/startup_gd32f30x_xd.S.obj
                0x08000da8                Reset_Handler
 .text.Default_Handler
                0x08000df0        0x2 CMakeFiles/CLionGD32F303CG.elf.dir/Drivers/CMSIS/GD/GD32F30x/Source/gcc/startup_gd32f30x_xd.S.obj
                0x08000df0                RTC_Alarm_IRQHandler
                0x08000df0                EXTI2_IRQHandler
                0x08000df0                TIMER2_IRQHandler
                0x08000df0                TIMER5_IRQHandler
                0x08000df0                LVD_IRQHandler
                0x08000df0                TIMER7_UP_TIMER12_IRQHandler
                0x08000df0                ADC0_1_IRQHandler
                0x08000df0                SDIO_IRQHandler
                0x08000df0                EXTI3_IRQHandler
                0x08000df0                TIMER0_TRG_CMT_TIMER10_IRQHandler
                0x08000df0                TIMER3_IRQHandler
                0x08000df0                DMA0_Channel6_IRQHandler
                0x08000df0                I2C0_EV_IRQHandler
                0x08000df0                EXTI0_IRQHandler
                0x08000df0                TIMER7_TRG_CMT_TIMER13_IRQHandler
                0x08000df0                TIMER4_IRQHandler
                0x08000df0                SPI1_IRQHandler
                0x08000df0                DMA0_Channel0_IRQHandler
                0x08000df0                TAMPER_IRQHandler
                0x08000df0                TIMER0_BRK_TIMER8_IRQHandler
                0x08000df0                DMA1_Channel0_IRQHandler
                0x08000df0                TIMER7_BRK_TIMER11_IRQHandler
                0x08000df0                TIMER6_IRQHandler
                0x08000df0                DMA0_Channel3_IRQHandler
                0x08000df0                I2C0_ER_IRQHandler
                0x08000df0                TIMER0_UP_TIMER9_IRQHandler
                0x08000df0                RTC_IRQHandler
                0x08000df0                DMA0_Channel2_IRQHandler
                0x08000df0                USART0_IRQHandler
                0x08000df0                TIMER1_IRQHandler
                0x08000df0                I2C1_EV_IRQHandler
                0x08000df0                UART4_IRQHandler
                0x08000df0                EXTI10_15_IRQHandler
                0x08000df0                DMA1_Channel1_IRQHandler
                0x08000df0                Default_Handler
                0x08000df0                TIMER7_Channel_IRQHandler
                0x08000df0                WWDGT_IRQHandler
                0x08000df0                EXMC_IRQHandler
                0x08000df0                ADC2_IRQHandler
                0x08000df0                SPI2_IRQHandler
                0x08000df0                USBD_WKUP_IRQHandler
                0x08000df0                RCU_CTC_IRQHandler
                0x08000df0                EXTI4_IRQHandler
                0x08000df0                USBD_HP_CAN0_TX_IRQHandler
                0x08000df0                CAN0_RX1_IRQHandler
                0x08000df0                DMA0_Channel5_IRQHandler
                0x08000df0                EXTI5_9_IRQHandler
                0x08000df0                DMA0_Channel1_IRQHandler
                0x08000df0                TIMER0_Channel_IRQHandler
                0x08000df0                EXTI1_IRQHandler
                0x08000df0                SPI0_IRQHandler
                0x08000df0                DMA1_Channel3_4_IRQHandler
                0x08000df0                USART2_IRQHandler
                0x08000df0                CAN0_EWMC_IRQHandler
                0x08000df0                DMA1_Channel2_IRQHandler
                0x08000df0                USART1_IRQHandler
                0x08000df0                UART3_IRQHandler
                0x08000df0                I2C1_ER_IRQHandler
                0x08000df0                FMC_IRQHandler
                0x08000df0                DMA0_Channel4_IRQHandler
 *fill*         0x08000df2        0x2 
 .text.system_clock_120m_hxtal
                0x08000df4       0xd8 CMakeFiles/CLionGD32F303CG.elf.dir/Drivers/CMSIS/GD/GD32F30x/Source/system_gd32f30x.c.obj
 .text.system_clock_config
                0x08000ecc        0x8 CMakeFiles/CLionGD32F303CG.elf.dir/Drivers/CMSIS/GD/GD32F30x/Source/system_gd32f30x.c.obj
 .text.SystemInit
                0x08000ed4       0x64 CMakeFiles/CLionGD32F303CG.elf.dir/Drivers/CMSIS/GD/GD32F30x/Source/system_gd32f30x.c.obj
                0x08000ed4                SystemInit
 .text.gpio_init
                0x08000f38       0xa2 CMakeFiles/CLionGD32F303CG.elf.dir/Drivers/GD32F30x_standard_peripheral/Source/gd32f30x_gpio.c.obj
                0x08000f38                gpio_init
 .text.gpio_bit_set
                0x08000fda        0x4 CMakeFiles/CLionGD32F303CG.elf.dir/Drivers/GD32F30x_standard_peripheral/Source/gd32f30x_gpio.c.obj
                0x08000fda                gpio_bit_set
 .text.gpio_bit_reset
                0x08000fde        0x4 CMakeFiles/CLionGD32F303CG.elf.dir/Drivers/GD32F30x_standard_peripheral/Source/gd32f30x_gpio.c.obj
                0x08000fde                gpio_bit_reset
 .text.gpio_bit_write
                0x08000fe2        0xa CMakeFiles/CLionGD32F303CG.elf.dir/Drivers/GD32F30x_standard_peripheral/Source/gd32f30x_gpio.c.obj
                0x08000fe2                gpio_bit_write
 .text.gpio_pin_remap_config
                0x08000fec       0x7c CMakeFiles/CLionGD32F303CG.elf.dir/Drivers/GD32F30x_standard_peripheral/Source/gd32f30x_gpio.c.obj
                0x08000fec                gpio_pin_remap_config
 .text.nvic_priority_group_set
                0x08001068       0x14 CMakeFiles/CLionGD32F303CG.elf.dir/Drivers/GD32F30x_standard_peripheral/Source/gd32f30x_misc.c.obj
                0x08001068                nvic_priority_group_set
 .text.nvic_irq_enable
                0x0800107c       0xb0 CMakeFiles/CLionGD32F303CG.elf.dir/Drivers/GD32F30x_standard_peripheral/Source/gd32f30x_misc.c.obj
                0x0800107c                nvic_irq_enable
 .text.rcu_periph_clock_enable
                0x0800112c       0x1a CMakeFiles/CLionGD32F303CG.elf.dir/Drivers/GD32F30x_standard_peripheral/Source/gd32f30x_rcu.c.obj
                0x0800112c                rcu_periph_clock_enable
 *fill*         0x08001146        0x2 
 .text.rcu_usb_clock_config
                0x08001148       0x14 CMakeFiles/CLionGD32F303CG.elf.dir/Drivers/GD32F30x_standard_peripheral/Source/gd32f30x_rcu.c.obj
                0x08001148                rcu_usb_clock_config
 .text.rcu_clock_freq_get
                0x0800115c      0x108 CMakeFiles/CLionGD32F303CG.elf.dir/Drivers/GD32F30x_standard_peripheral/Source/gd32f30x_rcu.c.obj
                0x0800115c                rcu_clock_freq_get
 .text.cdc_acm_init
                0x08001264       0x80 CMakeFiles/CLionGD32F303CG.elf.dir/Drivers/GD32F30x_usbd_library/class/device/cdc/Source/cdc_acm_core.c.obj
 .text.cdc_acm_deinit
                0x080012e4       0x2a CMakeFiles/CLionGD32F303CG.elf.dir/Drivers/GD32F30x_usbd_library/class/device/cdc/Source/cdc_acm_core.c.obj
 .text.cdc_acm_ctlx_out
                0x0800130e       0x20 CMakeFiles/CLionGD32F303CG.elf.dir/Drivers/GD32F30x_usbd_library/class/device/cdc/Source/cdc_acm_core.c.obj
 .text.cdc_acm_data_out
                0x0800132e       0x16 CMakeFiles/CLionGD32F303CG.elf.dir/Drivers/GD32F30x_usbd_library/class/device/cdc/Source/cdc_acm_core.c.obj
 .text.cdc_acm_req_handler
                0x08001344       0x6e CMakeFiles/CLionGD32F303CG.elf.dir/Drivers/GD32F30x_usbd_library/class/device/cdc/Source/cdc_acm_core.c.obj
 .text.cdc_acm_data_in
                0x080013b2       0x38 CMakeFiles/CLionGD32F303CG.elf.dir/Drivers/GD32F30x_usbd_library/class/device/cdc/Source/cdc_acm_core.c.obj
 .text.cdc_acm_data_send
                0x080013ea       0x24 CMakeFiles/CLionGD32F303CG.elf.dir/Drivers/GD32F30x_usbd_library/class/device/cdc/Source/cdc_acm_core.c.obj
                0x080013ea                cdc_acm_data_send
 *fill*         0x0800140e        0x2 
 .text.usbd_init
                0x08001410       0x68 CMakeFiles/CLionGD32F303CG.elf.dir/Drivers/GD32F30x_usbd_library/device/Source/usbd_core.c.obj
                0x08001410                usbd_init
 .text.usbd_ep_send
                0x08001478       0x42 CMakeFiles/CLionGD32F303CG.elf.dir/Drivers/GD32F30x_usbd_library/device/Source/usbd_core.c.obj
                0x08001478                usbd_ep_send
 .text._usb_std_reserved
                0x080014ba        0x4 CMakeFiles/CLionGD32F303CG.elf.dir/Drivers/GD32F30x_usbd_library/device/Source/usbd_enum.c.obj
 .text._usb_dev_desc_get
                0x080014be       0x12 CMakeFiles/CLionGD32F303CG.elf.dir/Drivers/GD32F30x_usbd_library/device/Source/usbd_enum.c.obj
 .text._usb_config_desc_get
                0x080014d0       0x18 CMakeFiles/CLionGD32F303CG.elf.dir/Drivers/GD32F30x_usbd_library/device/Source/usbd_enum.c.obj
 .text._usb_bos_desc_get
                0x080014e8       0x22 CMakeFiles/CLionGD32F303CG.elf.dir/Drivers/GD32F30x_usbd_library/device/Source/usbd_enum.c.obj
 .text._usb_str_desc_get
                0x0800150a       0x10 CMakeFiles/CLionGD32F303CG.elf.dir/Drivers/GD32F30x_usbd_library/device/Source/usbd_enum.c.obj
 *fill*         0x0800151a        0x2 
 .text._usb_std_getstatus
                0x0800151c       0xb0 CMakeFiles/CLionGD32F303CG.elf.dir/Drivers/GD32F30x_usbd_library/device/Source/usbd_enum.c.obj
 .text._usb_std_clearfeature
                0x080015cc       0x70 CMakeFiles/CLionGD32F303CG.elf.dir/Drivers/GD32F30x_usbd_library/device/Source/usbd_enum.c.obj
 .text._usb_std_setfeature
                0x0800163c       0x62 CMakeFiles/CLionGD32F303CG.elf.dir/Drivers/GD32F30x_usbd_library/device/Source/usbd_enum.c.obj
 .text._usb_std_setaddress
                0x0800169e       0x32 CMakeFiles/CLionGD32F303CG.elf.dir/Drivers/GD32F30x_usbd_library/device/Source/usbd_enum.c.obj
 .text._usb_std_getdescriptor
                0x080016d0       0xe8 CMakeFiles/CLionGD32F303CG.elf.dir/Drivers/GD32F30x_usbd_library/device/Source/usbd_enum.c.obj
 .text._usb_std_setdescriptor
                0x080017b8        0x4 CMakeFiles/CLionGD32F303CG.elf.dir/Drivers/GD32F30x_usbd_library/device/Source/usbd_enum.c.obj
 .text._usb_std_getconfiguration
                0x080017bc       0x30 CMakeFiles/CLionGD32F303CG.elf.dir/Drivers/GD32F30x_usbd_library/device/Source/usbd_enum.c.obj
 .text._usb_std_setconfiguration
                0x080017ec       0x84 CMakeFiles/CLionGD32F303CG.elf.dir/Drivers/GD32F30x_usbd_library/device/Source/usbd_enum.c.obj
 .text._usb_std_getinterface
                0x08001870       0x2c CMakeFiles/CLionGD32F303CG.elf.dir/Drivers/GD32F30x_usbd_library/device/Source/usbd_enum.c.obj
 .text._usb_std_setinterface
                0x0800189c       0x22 CMakeFiles/CLionGD32F303CG.elf.dir/Drivers/GD32F30x_usbd_library/device/Source/usbd_enum.c.obj
 .text._usb_std_synchframe
                0x080018be        0x4 CMakeFiles/CLionGD32F303CG.elf.dir/Drivers/GD32F30x_usbd_library/device/Source/usbd_enum.c.obj
 .text.int_to_unicode
                0x080018c2       0x46 CMakeFiles/CLionGD32F303CG.elf.dir/Drivers/GD32F30x_usbd_library/device/Source/usbd_enum.c.obj
 .text.usbd_standard_request
                0x08001908       0x14 CMakeFiles/CLionGD32F303CG.elf.dir/Drivers/GD32F30x_usbd_library/device/Source/usbd_enum.c.obj
                0x08001908                usbd_standard_request
 .text.usbd_class_request
                0x0800191c       0x22 CMakeFiles/CLionGD32F303CG.elf.dir/Drivers/GD32F30x_usbd_library/device/Source/usbd_enum.c.obj
                0x0800191c                usbd_class_request
 .text.usbd_vendor_request
                0x0800193e        0x4 CMakeFiles/CLionGD32F303CG.elf.dir/Drivers/GD32F30x_usbd_library/device/Source/usbd_enum.c.obj
                0x0800193e                usbd_vendor_request
 *fill*         0x08001942        0x2 
 .text.serial_string_get
                0x08001944       0x50 CMakeFiles/CLionGD32F303CG.elf.dir/Drivers/GD32F30x_usbd_library/device/Source/usbd_enum.c.obj
                0x08001944                serial_string_get
 .text.usb_ctl_data_in
                0x08001994       0x10 CMakeFiles/CLionGD32F303CG.elf.dir/Drivers/GD32F30x_usbd_library/device/Source/usbd_transc.c.obj
 .text._usb_setup_transc
                0x080019a4       0x98 CMakeFiles/CLionGD32F303CG.elf.dir/Drivers/GD32F30x_usbd_library/device/Source/usbd_transc.c.obj
                0x080019a4                _usb_setup_transc
 .text._usb_out0_transc
                0x08001a3c       0x38 CMakeFiles/CLionGD32F303CG.elf.dir/Drivers/GD32F30x_usbd_library/device/Source/usbd_transc.c.obj
                0x08001a3c                _usb_out0_transc
 .text._usb_in0_transc
                0x08001a74       0x50 CMakeFiles/CLionGD32F303CG.elf.dir/Drivers/GD32F30x_usbd_library/device/Source/usbd_transc.c.obj
                0x08001a74                _usb_in0_transc
 .text.usbd_core_reset
                0x08001ac4       0x28 CMakeFiles/CLionGD32F303CG.elf.dir/Drivers/GD32F30x_usbd_library/usbd/Source/usbd_lld_core.c.obj
 .text.usbd_core_stop
                0x08001aec       0x1c CMakeFiles/CLionGD32F303CG.elf.dir/Drivers/GD32F30x_usbd_library/usbd/Source/usbd_lld_core.c.obj
 .text.usbd_address_set
                0x08001b08       0x14 CMakeFiles/CLionGD32F303CG.elf.dir/Drivers/GD32F30x_usbd_library/usbd/Source/usbd_lld_core.c.obj
 .text.usbd_ep_reset
                0x08001b1c       0x6c CMakeFiles/CLionGD32F303CG.elf.dir/Drivers/GD32F30x_usbd_library/usbd/Source/usbd_lld_core.c.obj
 .text.usbd_ep_setup
                0x08001b88      0x1b8 CMakeFiles/CLionGD32F303CG.elf.dir/Drivers/GD32F30x_usbd_library/usbd/Source/usbd_lld_core.c.obj
 .text.usbd_ep_disable
                0x08001d40       0x7a CMakeFiles/CLionGD32F303CG.elf.dir/Drivers/GD32F30x_usbd_library/usbd/Source/usbd_lld_core.c.obj
 .text.usbd_ep_rx_enable
                0x08001dba       0x24 CMakeFiles/CLionGD32F303CG.elf.dir/Drivers/GD32F30x_usbd_library/usbd/Source/usbd_lld_core.c.obj
 *fill*         0x08001dde        0x2 
 .text.usbd_ep_stall_set
                0x08001de0       0xa0 CMakeFiles/CLionGD32F303CG.elf.dir/Drivers/GD32F30x_usbd_library/usbd/Source/usbd_lld_core.c.obj
 .text.usbd_ep_stall_clear
                0x08001e80       0x9c CMakeFiles/CLionGD32F303CG.elf.dir/Drivers/GD32F30x_usbd_library/usbd/Source/usbd_lld_core.c.obj
 .text.usbd_ep_status
                0x08001f1c       0x20 CMakeFiles/CLionGD32F303CG.elf.dir/Drivers/GD32F30x_usbd_library/usbd/Source/usbd_lld_core.c.obj
 .text.usbd_ep_data_write
                0x08001f3c       0x60 CMakeFiles/CLionGD32F303CG.elf.dir/Drivers/GD32F30x_usbd_library/usbd/Source/usbd_lld_core.c.obj
 .text.usbd_ep_data_read
                0x08001f9c       0x90 CMakeFiles/CLionGD32F303CG.elf.dir/Drivers/GD32F30x_usbd_library/usbd/Source/usbd_lld_core.c.obj
 .text.usbd_resume
                0x0800202c       0x24 CMakeFiles/CLionGD32F303CG.elf.dir/Drivers/GD32F30x_usbd_library/usbd/Source/usbd_lld_core.c.obj
 .text.usbd_leave_suspend
                0x08002050       0x20 CMakeFiles/CLionGD32F303CG.elf.dir/Drivers/GD32F30x_usbd_library/usbd/Source/usbd_lld_core.c.obj
 .text.usbd_suspend
                0x08002070       0x14 CMakeFiles/CLionGD32F303CG.elf.dir/Drivers/GD32F30x_usbd_library/usbd/Source/usbd_lld_core.c.obj
 .text.usbd_dp_pullup
                0x08002084       0x24 CMakeFiles/CLionGD32F303CG.elf.dir/Drivers/GD32F30x_usbd_library/usbd/Source/usbd_lld_core.c.obj
 .text.usbd_int_suspend
                0x080020a8       0x20 CMakeFiles/CLionGD32F303CG.elf.dir/Drivers/GD32F30x_usbd_library/usbd/Source/usbd_lld_int.c.obj
 .text.usbd_isr
                0x080020c8      0x230 CMakeFiles/CLionGD32F303CG.elf.dir/Drivers/GD32F30x_usbd_library/usbd/Source/usbd_lld_int.c.obj
                0x080020c8                usbd_isr
 .text.NMI_Handler
                0x080022f8        0x2 CMakeFiles/CLionGD32F303CG.elf.dir/Source/gd32f30x_it.c.obj
                0x080022f8                NMI_Handler
 .text.HardFault_Handler
                0x080022fa        0x2 CMakeFiles/CLionGD32F303CG.elf.dir/Source/gd32f30x_it.c.obj
                0x080022fa                HardFault_Handler
 .text.MemManage_Handler
                0x080022fc        0x2 CMakeFiles/CLionGD32F303CG.elf.dir/Source/gd32f30x_it.c.obj
                0x080022fc                MemManage_Handler
 .text.BusFault_Handler
                0x080022fe        0x2 CMakeFiles/CLionGD32F303CG.elf.dir/Source/gd32f30x_it.c.obj
                0x080022fe                BusFault_Handler
 .text.UsageFault_Handler
                0x08002300        0x2 CMakeFiles/CLionGD32F303CG.elf.dir/Source/gd32f30x_it.c.obj
                0x08002300                UsageFault_Handler
 .text.SVC_Handler
                0x08002302        0x2 CMakeFiles/CLionGD32F303CG.elf.dir/Source/gd32f30x_it.c.obj
                0x08002302                SVC_Handler
 .text.DebugMon_Handler
                0x08002304        0x2 CMakeFiles/CLionGD32F303CG.elf.dir/Source/gd32f30x_it.c.obj
                0x08002304                DebugMon_Handler
 .text.PendSV_Handler
                0x08002306        0x2 CMakeFiles/CLionGD32F303CG.elf.dir/Source/gd32f30x_it.c.obj
                0x08002306                PendSV_Handler
 .text.USBD_LP_CAN0_RX0_IRQHandler
                0x08002308        0x8 CMakeFiles/CLionGD32F303CG.elf.dir/Source/gd32f30x_it.c.obj
                0x08002308                USBD_LP_CAN0_RX0_IRQHandler
 .text.rcu_config
                0x08002310       0x6c CMakeFiles/CLionGD32F303CG.elf.dir/Source/gd32f30x_usbd_hw.c.obj
                0x08002310                rcu_config
 .text.gpio_config
                0x0800237c       0x18 CMakeFiles/CLionGD32F303CG.elf.dir/Source/gd32f30x_usbd_hw.c.obj
                0x0800237c                gpio_config
 .text.nvic_config
                0x08002394       0x20 CMakeFiles/CLionGD32F303CG.elf.dir/Source/gd32f30x_usbd_hw.c.obj
                0x08002394                nvic_config
 .text._write   0x080023b4       0x48 CMakeFiles/CLionGD32F303CG.elf.dir/Source/main.c.obj
                0x080023b4                _write
 .text.systick_config
                0x080023fc       0x40 CMakeFiles/CLionGD32F303CG.elf.dir/Source/main.c.obj
                0x080023fc                systick_config
 .text.delay_1ms
                0x0800243c       0x14 CMakeFiles/CLionGD32F303CG.elf.dir/Source/main.c.obj
                0x0800243c                delay_1ms
 .text.main     0x08002450       0x9c CMakeFiles/CLionGD32F303CG.elf.dir/Source/main.c.obj
                0x08002450                main
 .text.delay_decrement
                0x080024ec       0x14 CMakeFiles/CLionGD32F303CG.elf.dir/Source/main.c.obj
                0x080024ec                delay_decrement
 .text.SysTick_Handler
                0x08002500        0x8 CMakeFiles/CLionGD32F303CG.elf.dir/Source/main.c.obj
                0x08002500                SysTick_Handler
 .text.stdio_exit_handler
                0x08002508       0x18 /usr/lib64/gcc/arm-none-eabi/14/../../../../arm-none-eabi/lib/thumb/v7e-m/nofp/libc.a(libc_a-findfp.o)
 .text.cleanup_stdio
                0x08002520       0x40 /usr/lib64/gcc/arm-none-eabi/14/../../../../arm-none-eabi/lib/thumb/v7e-m/nofp/libc.a(libc_a-findfp.o)
 .text.global_stdio_init.part.0
                0x08002560       0xd4 /usr/lib64/gcc/arm-none-eabi/14/../../../../arm-none-eabi/lib/thumb/v7e-m/nofp/libc.a(libc_a-findfp.o)
 .text.__sinit  0x08002634       0x20 /usr/lib64/gcc/arm-none-eabi/14/../../../../arm-none-eabi/lib/thumb/v7e-m/nofp/libc.a(libc_a-findfp.o)
                0x08002634                __sinit
 .text.__sfp_lock_acquire
                0x08002654        0x4 /usr/lib64/gcc/arm-none-eabi/14/../../../../arm-none-eabi/lib/thumb/v7e-m/nofp/libc.a(libc_a-findfp.o)
                0x08002654                __sfp_lock_acquire
 .text.__sfp_lock_release
                0x08002658        0x4 /usr/lib64/gcc/arm-none-eabi/14/../../../../arm-none-eabi/lib/thumb/v7e-m/nofp/libc.a(libc_a-findfp.o)
                0x08002658                __sfp_lock_release
 .text._fwalk_sglue
                0x0800265c       0x44 /usr/lib64/gcc/arm-none-eabi/14/../../../../arm-none-eabi/lib/thumb/v7e-m/nofp/libc.a(libc_a-fwalk.o)
                0x0800265c                _fwalk_sglue
 .text.printf   0x080026a0       0x28 /usr/lib64/gcc/arm-none-eabi/14/../../../../arm-none-eabi/lib/thumb/v7e-m/nofp/libc.a(libc_a-printf.o)
                0x080026a0                printf
 .text.__sread  0x080026c8       0x24 /usr/lib64/gcc/arm-none-eabi/14/../../../../arm-none-eabi/lib/thumb/v7e-m/nofp/libc.a(libc_a-stdio.o)
                0x080026c8                __sread
 .text.__swrite
                0x080026ec       0x40 /usr/lib64/gcc/arm-none-eabi/14/../../../../arm-none-eabi/lib/thumb/v7e-m/nofp/libc.a(libc_a-stdio.o)
                0x080026ec                __swrite
 .text.__sseek  0x0800272c       0x24 /usr/lib64/gcc/arm-none-eabi/14/../../../../arm-none-eabi/lib/thumb/v7e-m/nofp/libc.a(libc_a-stdio.o)
                0x0800272c                __sseek
 .text.__sclose
                0x08002750        0x8 /usr/lib64/gcc/arm-none-eabi/14/../../../../arm-none-eabi/lib/thumb/v7e-m/nofp/libc.a(libc_a-stdio.o)
                0x08002750                __sclose
 .text.memset   0x08002758       0x9c /usr/lib64/gcc/arm-none-eabi/14/../../../../arm-none-eabi/lib/thumb/v7e-m/nofp/libc.a(libc_a-memset.o)
                0x08002758                memset
 .text._close_r
                0x080027f4       0x24 /usr/lib64/gcc/arm-none-eabi/14/../../../../arm-none-eabi/lib/thumb/v7e-m/nofp/libc.a(libc_a-closer.o)
                0x080027f4                _close_r
 .text._lseek_r
                0x08002818       0x2c /usr/lib64/gcc/arm-none-eabi/14/../../../../arm-none-eabi/lib/thumb/v7e-m/nofp/libc.a(libc_a-lseekr.o)
                0x08002818                _lseek_r
 .text._read_r  0x08002844       0x2c /usr/lib64/gcc/arm-none-eabi/14/../../../../arm-none-eabi/lib/thumb/v7e-m/nofp/libc.a(libc_a-readr.o)
                0x08002844                _read_r
 .text._write_r
                0x08002870       0x2c /usr/lib64/gcc/arm-none-eabi/14/../../../../arm-none-eabi/lib/thumb/v7e-m/nofp/libc.a(libc_a-writer.o)
                0x08002870                _write_r
 .text.__libc_init_array
                0x0800289c       0x50 /usr/lib64/gcc/arm-none-eabi/14/../../../../arm-none-eabi/lib/thumb/v7e-m/nofp/libc.a(libc_a-init.o)
                0x0800289c                __libc_init_array
 .text.remap_handle
                0x080028ec       0x48 /usr/lib64/gcc/arm-none-eabi/14/../../../../arm-none-eabi/lib/thumb/v7e-m/nofp/libc.a(libc_a-syscalls.o)
 .text._read    0x08002934       0x7c /usr/lib64/gcc/arm-none-eabi/14/../../../../arm-none-eabi/lib/thumb/v7e-m/nofp/libc.a(libc_a-syscalls.o)
                0x08002934                _read
 .text._swilseek
                0x080029b0       0x94 /usr/lib64/gcc/arm-none-eabi/14/../../../../arm-none-eabi/lib/thumb/v7e-m/nofp/libc.a(libc_a-syscalls.o)
                0x080029b0                _swilseek
 .text._lseek   0x08002a44       0x28 /usr/lib64/gcc/arm-none-eabi/14/../../../../arm-none-eabi/lib/thumb/v7e-m/nofp/libc.a(libc_a-syscalls.o)
                0x08002a44                _lseek
 .text._swiclose
                0x08002a6c       0x3c /usr/lib64/gcc/arm-none-eabi/14/../../../../arm-none-eabi/lib/thumb/v7e-m/nofp/libc.a(libc_a-syscalls.o)
                0x08002a6c                _swiclose
 .text._close   0x08002aa8       0x28 /usr/lib64/gcc/arm-none-eabi/14/../../../../arm-none-eabi/lib/thumb/v7e-m/nofp/libc.a(libc_a-syscalls.o)
                0x08002aa8                _close
 .text._kill    0x08002ad0       0x28 /usr/lib64/gcc/arm-none-eabi/14/../../../../arm-none-eabi/lib/thumb/v7e-m/nofp/libc.a(libc_a-syscalls.o)
                0x08002ad0                _kill
 .text._exit    0x08002af8       0x14 /usr/lib64/gcc/arm-none-eabi/14/../../../../arm-none-eabi/lib/thumb/v7e-m/nofp/libc.a(libc_a-syscalls.o)
                0x08002af8                _exit
 .text._getpid  0x08002b0c        0x4 /usr/lib64/gcc/arm-none-eabi/14/../../../../arm-none-eabi/lib/thumb/v7e-m/nofp/libc.a(libc_a-syscalls.o)
                0x08002b0c                _getpid
 .text._sbrk    0x08002b10       0x48 /usr/lib64/gcc/arm-none-eabi/14/../../../../arm-none-eabi/lib/thumb/v7e-m/nofp/libc.a(libc_a-syscalls.o)
                0x08002b10                _sbrk
 .text._fstat   0x08002b58       0x20 /usr/lib64/gcc/arm-none-eabi/14/../../../../arm-none-eabi/lib/thumb/v7e-m/nofp/libc.a(libc_a-syscalls.o)
                0x08002b58                _fstat
 .text._isatty  0x08002b78       0x78 /usr/lib64/gcc/arm-none-eabi/14/../../../../arm-none-eabi/lib/thumb/v7e-m/nofp/libc.a(libc_a-syscalls.o)
                0x08002b78                _isatty
 .text._malloc_trim_r
                0x08002bf0       0xb8 /usr/lib64/gcc/arm-none-eabi/14/../../../../arm-none-eabi/lib/thumb/v7e-m/nofp/libc.a(libc_a-freer.o)
                0x08002bf0                _malloc_trim_r
 .text._free_r  0x08002ca8      0x1f0 /usr/lib64/gcc/arm-none-eabi/14/../../../../arm-none-eabi/lib/thumb/v7e-m/nofp/libc.a(libc_a-freer.o)
                0x08002ca8                _free_r
 .text._malloc_r
                0x08002e98      0x59c /usr/lib64/gcc/arm-none-eabi/14/../../../../arm-none-eabi/lib/thumb/v7e-m/nofp/libc.a(libc_a-mallocr.o)
                0x08002e98                _malloc_r
 .text.__malloc_lock
                0x08003434        0x4 /usr/lib64/gcc/arm-none-eabi/14/../../../../arm-none-eabi/lib/thumb/v7e-m/nofp/libc.a(libc_a-mlock.o)
                0x08003434                __malloc_lock
 .text.__malloc_unlock
                0x08003438        0x4 /usr/lib64/gcc/arm-none-eabi/14/../../../../arm-none-eabi/lib/thumb/v7e-m/nofp/libc.a(libc_a-mlock.o)
                0x08003438                __malloc_unlock
 .text._vfprintf_r
                0x0800343c     0x19f8 /usr/lib64/gcc/arm-none-eabi/14/../../../../arm-none-eabi/lib/thumb/v7e-m/nofp/libc.a(libc_a-vfprintf.o)
                0x0800343c                _vfprintf_r
 .text.__sbprintf
                0x08004e34       0x6c /usr/lib64/gcc/arm-none-eabi/14/../../../../arm-none-eabi/lib/thumb/v7e-m/nofp/libc.a(libc_a-vfprintf.o)
 .text.__sprint_r.part.0
                0x08004ea0       0x78 /usr/lib64/gcc/arm-none-eabi/14/../../../../arm-none-eabi/lib/thumb/v7e-m/nofp/libc.a(libc_a-vfiprintf.o)
 .text.__sprint_r
                0x08004f18       0x14 /usr/lib64/gcc/arm-none-eabi/14/../../../../arm-none-eabi/lib/thumb/v7e-m/nofp/libc.a(libc_a-vfiprintf.o)
                0x08004f18                __sprint_r
 .text._vfiprintf_r
                0x08004f2c      0xf14 /usr/lib64/gcc/arm-none-eabi/14/../../../../arm-none-eabi/lib/thumb/v7e-m/nofp/libc.a(libc_a-vfiprintf.o)
                0x08004f2c                _vfiprintf_r
 .text.__sbprintf
                0x08005e40       0x6c /usr/lib64/gcc/arm-none-eabi/14/../../../../arm-none-eabi/lib/thumb/v7e-m/nofp/libc.a(libc_a-vfiprintf.o)
 .text._fclose_r
                0x08005eac       0x80 /usr/lib64/gcc/arm-none-eabi/14/../../../../arm-none-eabi/lib/thumb/v7e-m/nofp/libc.a(libc_a-fclose.o)
                0x08005eac                _fclose_r
 .text.__sflush_r
                0x08005f2c      0x124 /usr/lib64/gcc/arm-none-eabi/14/../../../../arm-none-eabi/lib/thumb/v7e-m/nofp/libc.a(libc_a-fflush.o)
                0x08005f2c                __sflush_r
 .text._fflush_r
                0x08006050       0x2c /usr/lib64/gcc/arm-none-eabi/14/../../../../arm-none-eabi/lib/thumb/v7e-m/nofp/libc.a(libc_a-fflush.o)
                0x08006050                _fflush_r
 .text.__sfvwrite_r
                0x0800607c      0x2d8 /usr/lib64/gcc/arm-none-eabi/14/../../../../arm-none-eabi/lib/thumb/v7e-m/nofp/libc.a(libc_a-fvwrite.o)
                0x0800607c                __sfvwrite_r
 .text.__swsetup_r
                0x08006354       0xfc /usr/lib64/gcc/arm-none-eabi/14/../../../../arm-none-eabi/lib/thumb/v7e-m/nofp/libc.a(libc_a-wsetup.o)
                0x08006354                __swsetup_r
 .text.__fputwc
                0x08006450       0x7c /usr/lib64/gcc/arm-none-eabi/14/../../../../arm-none-eabi/lib/thumb/v7e-m/nofp/libc.a(libc_a-fputwc.o)
                0x08006450                __fputwc
 .text._fputwc_r
                0x080064cc       0x24 /usr/lib64/gcc/arm-none-eabi/14/../../../../arm-none-eabi/lib/thumb/v7e-m/nofp/libc.a(libc_a-fputwc.o)
                0x080064cc                _fputwc_r
 .text.memmove  0x080064f0       0xf8 /usr/lib64/gcc/arm-none-eabi/14/../../../../arm-none-eabi/lib/thumb/v7e-m/nofp/libc.a(libc_a-memmove.o)
                0x080064f0                memmove
 .text.__locale_mb_cur_max
                0x080065e8        0xc /usr/lib64/gcc/arm-none-eabi/14/../../../../arm-none-eabi/lib/thumb/v7e-m/nofp/libc.a(libc_a-locale.o)
                0x080065e8                __locale_mb_cur_max
 .text._localeconv_r
                0x080065f4        0x8 /usr/lib64/gcc/arm-none-eabi/14/../../../../arm-none-eabi/lib/thumb/v7e-m/nofp/libc.a(libc_a-localeconv.o)
                0x080065f4                _localeconv_r
 .text._sbrk_r  0x080065fc       0x24 /usr/lib64/gcc/arm-none-eabi/14/../../../../arm-none-eabi/lib/thumb/v7e-m/nofp/libc.a(libc_a-sbrkr.o)
                0x080065fc                _sbrk_r
 .text.__errno  0x08006620        0xc /usr/lib64/gcc/arm-none-eabi/14/../../../../arm-none-eabi/lib/thumb/v7e-m/nofp/libc.a(libc_a-errno.o)
                0x08006620                __errno
 .text.sysconf  0x0800662c       0x1c /usr/lib64/gcc/arm-none-eabi/14/../../../../arm-none-eabi/lib/thumb/v7e-m/nofp/libc.a(libc_a-sysconf.o)
                0x0800662c                sysconf
 .text.quorem   0x08006648      0x12c /usr/lib64/gcc/arm-none-eabi/14/../../../../arm-none-eabi/lib/thumb/v7e-m/nofp/libc.a(libc_a-dtoa.o)
 *fill*         0x08006774        0x4 
 .text._dtoa_r  0x08006778     0x1044 /usr/lib64/gcc/arm-none-eabi/14/../../../../arm-none-eabi/lib/thumb/v7e-m/nofp/libc.a(libc_a-dtoa.o)
                0x08006778                _dtoa_r
 .text.__ascii_mbtowc
                0x080077bc       0x2c /usr/lib64/gcc/arm-none-eabi/14/../../../../arm-none-eabi/lib/thumb/v7e-m/nofp/libc.a(libc_a-mbtowc_r.o)
                0x080077bc                __ascii_mbtowc
 .text._Balloc  0x080077e8       0x4c /usr/lib64/gcc/arm-none-eabi/14/../../../../arm-none-eabi/lib/thumb/v7e-m/nofp/libc.a(libc_a-mprec.o)
                0x080077e8                _Balloc
 .text._Bfree   0x08007834       0x14 /usr/lib64/gcc/arm-none-eabi/14/../../../../arm-none-eabi/lib/thumb/v7e-m/nofp/libc.a(libc_a-mprec.o)
                0x08007834                _Bfree
 .text.__multadd
                0x08007848       0xa0 /usr/lib64/gcc/arm-none-eabi/14/../../../../arm-none-eabi/lib/thumb/v7e-m/nofp/libc.a(libc_a-mprec.o)
                0x08007848                __multadd
 .text.__hi0bits
                0x080078e8       0x54 /usr/lib64/gcc/arm-none-eabi/14/../../../../arm-none-eabi/lib/thumb/v7e-m/nofp/libc.a(libc_a-mprec.o)
                0x080078e8                __hi0bits
 .text.__lo0bits
                0x0800793c       0x80 /usr/lib64/gcc/arm-none-eabi/14/../../../../arm-none-eabi/lib/thumb/v7e-m/nofp/libc.a(libc_a-mprec.o)
                0x0800793c                __lo0bits
 .text.__i2b    0x080079bc       0x5c /usr/lib64/gcc/arm-none-eabi/14/../../../../arm-none-eabi/lib/thumb/v7e-m/nofp/libc.a(libc_a-mprec.o)
                0x080079bc                __i2b
 .text.__multiply
                0x08007a18      0x16c /usr/lib64/gcc/arm-none-eabi/14/../../../../arm-none-eabi/lib/thumb/v7e-m/nofp/libc.a(libc_a-mprec.o)
                0x08007a18                __multiply
 .text.__pow5mult
                0x08007b84       0xc0 /usr/lib64/gcc/arm-none-eabi/14/../../../../arm-none-eabi/lib/thumb/v7e-m/nofp/libc.a(libc_a-mprec.o)
                0x08007b84                __pow5mult
 .text.__lshift
                0x08007c44       0xe8 /usr/lib64/gcc/arm-none-eabi/14/../../../../arm-none-eabi/lib/thumb/v7e-m/nofp/libc.a(libc_a-mprec.o)
                0x08007c44                __lshift
 .text.__mcmp   0x08007d2c       0x40 /usr/lib64/gcc/arm-none-eabi/14/../../../../arm-none-eabi/lib/thumb/v7e-m/nofp/libc.a(libc_a-mprec.o)
                0x08007d2c                __mcmp
 .text.__mdiff  0x08007d6c      0x174 /usr/lib64/gcc/arm-none-eabi/14/../../../../arm-none-eabi/lib/thumb/v7e-m/nofp/libc.a(libc_a-mprec.o)
                0x08007d6c                __mdiff
 .text.__d2b    0x08007ee0       0xb8 /usr/lib64/gcc/arm-none-eabi/14/../../../../arm-none-eabi/lib/thumb/v7e-m/nofp/libc.a(libc_a-mprec.o)
                0x08007ee0                __d2b
 .text._realloc_r
                0x08007f98      0x348 /usr/lib64/gcc/arm-none-eabi/14/../../../../arm-none-eabi/lib/thumb/v7e-m/nofp/libc.a(libc_a-reallocr.o)
                0x08007f98                _realloc_r
 .text.__ascii_wctomb
                0x080082e0       0x1c /usr/lib64/gcc/arm-none-eabi/14/../../../../arm-none-eabi/lib/thumb/v7e-m/nofp/libc.a(libc_a-wctomb_r.o)
                0x080082e0                __ascii_wctomb
 .text._wcrtomb_r
                0x080082fc       0x34 /usr/lib64/gcc/arm-none-eabi/14/../../../../arm-none-eabi/lib/thumb/v7e-m/nofp/libc.a(libc_a-wcrtomb.o)
                0x080082fc                _wcrtomb_r
 .text.__smakebuf_r
                0x08008330       0xd0 /usr/lib64/gcc/arm-none-eabi/14/../../../../arm-none-eabi/lib/thumb/v7e-m/nofp/libc.a(libc_a-makebuf.o)
                0x08008330                __smakebuf_r
 .text.__swbuf_r
                0x08008400       0xac /usr/lib64/gcc/arm-none-eabi/14/../../../../arm-none-eabi/lib/thumb/v7e-m/nofp/libc.a(libc_a-wbuf.o)
                0x08008400                __swbuf_r
 .text._fstat_r
                0x080084ac       0x2c /usr/lib64/gcc/arm-none-eabi/14/../../../../arm-none-eabi/lib/thumb/v7e-m/nofp/libc.a(libc_a-fstatr.o)
                0x080084ac                _fstat_r
 .text._isatty_r
                0x080084d8       0x24 /usr/lib64/gcc/arm-none-eabi/14/../../../../arm-none-eabi/lib/thumb/v7e-m/nofp/libc.a(libc_a-isattyr.o)
                0x080084d8                _isatty_r
 .text.__assert_func
                0x080084fc       0x40 /usr/lib64/gcc/arm-none-eabi/14/../../../../arm-none-eabi/lib/thumb/v7e-m/nofp/libc.a(libc_a-assert.o)
                0x080084fc                __assert_func
 .text._calloc_r
                0x0800853c       0x6c /usr/lib64/gcc/arm-none-eabi/14/../../../../arm-none-eabi/lib/thumb/v7e-m/nofp/libc.a(libc_a-callocr.o)
                0x0800853c                _calloc_r
 .text.fiprintf
                0x080085a8       0x28 /usr/lib64/gcc/arm-none-eabi/14/../../../../arm-none-eabi/lib/thumb/v7e-m/nofp/libc.a(libc_a-fiprintf.o)
                0x080085a8                fiprintf
 .text.abort    0x080085d0       0x10 /usr/lib64/gcc/arm-none-eabi/14/../../../../arm-none-eabi/lib/thumb/v7e-m/nofp/libc.a(libc_a-abort.o)
                0x080085d0                abort
 .text.raise    0x080085e0       0x58 /usr/lib64/gcc/arm-none-eabi/14/../../../../arm-none-eabi/lib/thumb/v7e-m/nofp/libc.a(libc_a-signal.o)
                0x080085e0                raise
 .text._kill_r  0x08008638       0x2c /usr/lib64/gcc/arm-none-eabi/14/../../../../arm-none-eabi/lib/thumb/v7e-m/nofp/libc.a(libc_a-signalr.o)
                0x08008638                _kill_r
 .text._getpid_r
                0x08008664        0x4 /usr/lib64/gcc/arm-none-eabi/14/../../../../arm-none-eabi/lib/thumb/v7e-m/nofp/libc.a(libc_a-signalr.o)
                0x08008664                _getpid_r
 *(.glue_7)
 .glue_7        0x08008668        0x0 linker stubs
 *(.glue_7t)
 .glue_7t       0x08008668        0x0 linker stubs
 *(.eh_frame)
 .eh_frame      0x08008668        0x0 /usr/lib64/gcc/arm-none-eabi/14/thumb/v7e-m/nofp/crtbegin.o
 *(.init)
 .init          0x08008668        0x4 /usr/lib64/gcc/arm-none-eabi/14/thumb/v7e-m/nofp/crti.o
                0x08008668                _init
 .init          0x0800866c        0x8 /usr/lib64/gcc/arm-none-eabi/14/thumb/v7e-m/nofp/crtn.o
 *(.fini)
 .fini          0x08008674        0x4 /usr/lib64/gcc/arm-none-eabi/14/thumb/v7e-m/nofp/crti.o
                0x08008674                _fini
 .fini          0x08008678        0x8 /usr/lib64/gcc/arm-none-eabi/14/thumb/v7e-m/nofp/crtn.o
                0x08008680                        . = ALIGN (0x4)
                0x08008680                        _etext = .

.vfp11_veneer   0x08008680        0x0
 .vfp11_veneer  0x08008680        0x0 linker stubs

.v4_bx          0x08008680        0x0
 .v4_bx         0x08008680        0x0 linker stubs

.iplt           0x08008680        0x0
 .iplt          0x08008680        0x0 /usr/lib64/gcc/arm-none-eabi/14/thumb/v7e-m/nofp/crtbegin.o

.rodata         0x08008680      0x3d4
                0x08008680                        . = ALIGN (0x4)
 *(.rodata)
 .rodata        0x08008680       0x18 CMakeFiles/CLionGD32F303CG.elf.dir/Drivers/GD32F30x_standard_peripheral/Source/gd32f30x_rcu.c.obj
 .rodata        0x08008698        0x7 CMakeFiles/CLionGD32F303CG.elf.dir/Drivers/GD32F30x_usbd_library/class/device/cdc/Source/cdc_acm_core.c.obj
 *(.rodata*)
 *fill*         0x0800869f        0x1 
 .rodata.std_desc_get
                0x080086a0        0xc CMakeFiles/CLionGD32F303CG.elf.dir/Drivers/GD32F30x_usbd_library/device/Source/usbd_enum.c.obj
 .rodata._std_dev_req
                0x080086ac       0x34 CMakeFiles/CLionGD32F303CG.elf.dir/Drivers/GD32F30x_usbd_library/device/Source/usbd_enum.c.obj
 .rodata.ep_type
                0x080086e0       0x10 CMakeFiles/CLionGD32F303CG.elf.dir/Drivers/GD32F30x_usbd_library/usbd/Source/usbd_lld_core.c.obj
 .rodata.main.str1.4
                0x080086f0      0x123 CMakeFiles/CLionGD32F303CG.elf.dir/Source/main.c.obj
                                  0xf (size before relaxing)
 .rodata._vfprintf_r.str1.4
                0x08008813       0x42 /usr/lib64/gcc/arm-none-eabi/14/../../../../arm-none-eabi/lib/thumb/v7e-m/nofp/libc.a(libc_a-vfprintf.o)
 *fill*         0x08008813        0x1 
 .rodata.zeroes.0
                0x08008814       0x10 /usr/lib64/gcc/arm-none-eabi/14/../../../../arm-none-eabi/lib/thumb/v7e-m/nofp/libc.a(libc_a-vfprintf.o)
 .rodata.blanks.1
                0x08008824       0x10 /usr/lib64/gcc/arm-none-eabi/14/../../../../arm-none-eabi/lib/thumb/v7e-m/nofp/libc.a(libc_a-vfprintf.o)
 .rodata._vfiprintf_r.str1.4
                0x08008834       0x2f /usr/lib64/gcc/arm-none-eabi/14/../../../../arm-none-eabi/lib/thumb/v7e-m/nofp/libc.a(libc_a-vfiprintf.o)
 .rodata.zeroes.0
                0x08008834       0x10 /usr/lib64/gcc/arm-none-eabi/14/../../../../arm-none-eabi/lib/thumb/v7e-m/nofp/libc.a(libc_a-vfiprintf.o)
 .rodata.blanks.1
                0x08008844       0x10 /usr/lib64/gcc/arm-none-eabi/14/../../../../arm-none-eabi/lib/thumb/v7e-m/nofp/libc.a(libc_a-vfiprintf.o)
 .rodata._setlocale_r.str1.4
                0x08008854        0xd /usr/lib64/gcc/arm-none-eabi/14/../../../../arm-none-eabi/lib/thumb/v7e-m/nofp/libc.a(libc_a-locale.o)
 .rodata.str1.4
                0x08008854        0x2 /usr/lib64/gcc/arm-none-eabi/14/../../../../arm-none-eabi/lib/thumb/v7e-m/nofp/libc.a(libc_a-locale.o)
 .rodata._dtoa_r.str1.4
                0x08008854       0x54 /usr/lib64/gcc/arm-none-eabi/14/../../../../arm-none-eabi/lib/thumb/v7e-m/nofp/libc.a(libc_a-dtoa.o)
 .rodata.__multadd.str1.4
                0x08008854       0x41 /usr/lib64/gcc/arm-none-eabi/14/../../../../arm-none-eabi/lib/thumb/v7e-m/nofp/libc.a(libc_a-mprec.o)
 .rodata.p05.0  0x08008854        0xc /usr/lib64/gcc/arm-none-eabi/14/../../../../arm-none-eabi/lib/thumb/v7e-m/nofp/libc.a(libc_a-mprec.o)
 .rodata.__mprec_bigtens
                0x08008860       0x28 /usr/lib64/gcc/arm-none-eabi/14/../../../../arm-none-eabi/lib/thumb/v7e-m/nofp/libc.a(libc_a-mprec.o)
                0x08008860                __mprec_bigtens
 .rodata.__mprec_tens
                0x08008888       0xc8 /usr/lib64/gcc/arm-none-eabi/14/../../../../arm-none-eabi/lib/thumb/v7e-m/nofp/libc.a(libc_a-mprec.o)
                0x08008888                __mprec_tens
 .rodata._ctype_
                0x08008950      0x101 /usr/lib64/gcc/arm-none-eabi/14/../../../../arm-none-eabi/lib/thumb/v7e-m/nofp/libc.a(libc_a-ctype_.o)
                0x08008950                _ctype_
 .rodata.__assert_func.str1.4
                0x08008a51       0x43 /usr/lib64/gcc/arm-none-eabi/14/../../../../arm-none-eabi/lib/thumb/v7e-m/nofp/libc.a(libc_a-assert.o)
                0x08008a94                        . = ALIGN (0x4)
 *fill*         0x08008a51        0x3 

.ARM.extab
 *(.ARM.extab* .gnu.linkonce.armextab.*)

.ARM            0x08008a54        0x8
                0x08008a54                        __exidx_start = .
 *(.ARM.exidx*)
 .ARM.exidx     0x08008a54        0x8 /usr/lib64/gcc/arm-none-eabi/14/../../../../arm-none-eabi/lib/thumb/v7e-m/nofp/libc.a(libc_a-memcpy.o)
 .ARM.exidx     0x08008a5c        0x0 /usr/lib64/gcc/arm-none-eabi/14/../../../../arm-none-eabi/lib/thumb/v7e-m/nofp/libc.a(libc_a-strlen.o)
                                  0x8 (size before relaxing)
 .ARM.exidx     0x08008a5c        0x0 /usr/lib64/gcc/arm-none-eabi/14/../../../../arm-none-eabi/lib/thumb/v7e-m/nofp/libc.a(libc_a-memchr.o)
                                  0x8 (size before relaxing)
                0x08008a5c                        __exidx_end = .

.rel.dyn        0x08008a5c        0x0
 .rel.iplt      0x08008a5c        0x0 /usr/lib64/gcc/arm-none-eabi/14/thumb/v7e-m/nofp/crtbegin.o

.preinit_array  0x08008a5c        0x0
                0x08008a5c                        PROVIDE (__preinit_array_start = .)
 *(.preinit_array*)
                0x08008a5c                        PROVIDE (__preinit_array_end = .)

.init_array     0x08008a5c        0x4
                0x08008a5c                        PROVIDE (__init_array_start = .)
 *(SORT_BY_NAME(.init_array.*))
 *(.init_array*)
 .init_array    0x08008a5c        0x4 /usr/lib64/gcc/arm-none-eabi/14/thumb/v7e-m/nofp/crtbegin.o
                0x08008a60                        PROVIDE (__init_array_end = .)

.fini_array     0x08008a60        0x4
                0x08008a60                        PROVIDE (__fini_array_start = .)
 *(SORT_BY_NAME(.fini_array.*))
 *(.fini_array*)
 .fini_array    0x08008a60        0x4 /usr/lib64/gcc/arm-none-eabi/14/thumb/v7e-m/nofp/crtbegin.o
                0x08008a64                        PROVIDE (__fini_array_end = .)
                0x08008a64                        _sidata = LOADADDR (.data)

.data           0x20000000      0x924 load address 0x08008a64
                0x20000000                        . = ALIGN (0x4)
                0x20000000                        _sdata = .
 *(.data)
 *(.data*)
 .data.SystemCoreClock
                0x20000000        0x4 CMakeFiles/CLionGD32F303CG.elf.dir/Drivers/CMSIS/GD/GD32F30x/Source/system_gd32f30x.c.obj
                0x20000000                SystemCoreClock
 .data.cdc_class
                0x20000004       0x20 CMakeFiles/CLionGD32F303CG.elf.dir/Drivers/GD32F30x_usbd_library/class/device/cdc/Source/cdc_acm_core.c.obj
                0x20000004                cdc_class
 .data.cdc_desc
                0x20000024       0x10 CMakeFiles/CLionGD32F303CG.elf.dir/Drivers/GD32F30x_usbd_library/class/device/cdc/Source/cdc_acm_core.c.obj
                0x20000024                cdc_desc
 .data.usbd_cdc_strings
                0x20000034       0x10 CMakeFiles/CLionGD32F303CG.elf.dir/Drivers/GD32F30x_usbd_library/class/device/cdc/Source/cdc_acm_core.c.obj
                0x20000034                usbd_cdc_strings
 .data.serial_string
                0x20000044       0x82 CMakeFiles/CLionGD32F303CG.elf.dir/Drivers/GD32F30x_usbd_library/class/device/cdc/Source/cdc_acm_core.c.obj
 *fill*         0x200000c6        0x2 
 .data.product_string
                0x200000c8       0x82 CMakeFiles/CLionGD32F303CG.elf.dir/Drivers/GD32F30x_usbd_library/class/device/cdc/Source/cdc_acm_core.c.obj
 *fill*         0x2000014a        0x2 
 .data.manufacturer_string
                0x2000014c       0x82 CMakeFiles/CLionGD32F303CG.elf.dir/Drivers/GD32F30x_usbd_library/class/device/cdc/Source/cdc_acm_core.c.obj
 *fill*         0x200001ce        0x2 
 .data.usbd_language_id_desc
                0x200001d0        0x4 CMakeFiles/CLionGD32F303CG.elf.dir/Drivers/GD32F30x_usbd_library/class/device/cdc/Source/cdc_acm_core.c.obj
 .data.cdc_config_desc
                0x200001d4       0x43 CMakeFiles/CLionGD32F303CG.elf.dir/Drivers/GD32F30x_usbd_library/class/device/cdc/Source/cdc_acm_core.c.obj
                0x200001d4                cdc_config_desc
 *fill*         0x20000217        0x1 
 .data.cdc_dev_desc
                0x20000218       0x12 CMakeFiles/CLionGD32F303CG.elf.dir/Drivers/GD32F30x_usbd_library/class/device/cdc/Source/cdc_acm_core.c.obj
                0x20000218                cdc_dev_desc
 *fill*         0x2000022a        0x2 
 .data.usbd_drv_handler
                0x2000022c       0x40 CMakeFiles/CLionGD32F303CG.elf.dir/Drivers/GD32F30x_usbd_library/usbd/Source/usbd_lld_core.c.obj
                0x2000022c                usbd_drv_handler
 .data.btable_ep
                0x2000026c        0x4 CMakeFiles/CLionGD32F303CG.elf.dir/Drivers/GD32F30x_usbd_library/usbd/Source/usbd_lld_core.c.obj
                0x2000026c                btable_ep
 .data.__sglue  0x20000270        0xc /usr/lib64/gcc/arm-none-eabi/14/../../../../arm-none-eabi/lib/thumb/v7e-m/nofp/libc.a(libc_a-findfp.o)
                0x20000270                __sglue
 .data._impure_ptr
                0x2000027c        0x4 /usr/lib64/gcc/arm-none-eabi/14/../../../../arm-none-eabi/lib/thumb/v7e-m/nofp/libc.a(libc_a-impure.o)
                0x2000027c                _impure_ptr
 .data._impure_data
                0x20000280      0x120 /usr/lib64/gcc/arm-none-eabi/14/../../../../arm-none-eabi/lib/thumb/v7e-m/nofp/libc.a(libc_a-impure.o)
                0x20000280                _impure_data
 .data.__heap_limit
                0x200003a0        0x4 /usr/lib64/gcc/arm-none-eabi/14/../../../../arm-none-eabi/lib/thumb/v7e-m/nofp/libc.a(libc_a-syscalls.o)
                0x200003a0                __heap_limit
 .data.__malloc_sbrk_base
                0x200003a4        0x4 /usr/lib64/gcc/arm-none-eabi/14/../../../../arm-none-eabi/lib/thumb/v7e-m/nofp/libc.a(libc_a-mallocr.o)
                0x200003a4                __malloc_sbrk_base
 .data.__malloc_trim_threshold
                0x200003a8        0x4 /usr/lib64/gcc/arm-none-eabi/14/../../../../arm-none-eabi/lib/thumb/v7e-m/nofp/libc.a(libc_a-mallocr.o)
                0x200003a8                __malloc_trim_threshold
 *fill*         0x200003ac        0x4 
 .data.__malloc_av_
                0x200003b0      0x408 /usr/lib64/gcc/arm-none-eabi/14/../../../../arm-none-eabi/lib/thumb/v7e-m/nofp/libc.a(libc_a-mallocr.o)
                0x200003b0                __malloc_av_
 .data.__global_locale
                0x200007b8      0x16c /usr/lib64/gcc/arm-none-eabi/14/../../../../arm-none-eabi/lib/thumb/v7e-m/nofp/libc.a(libc_a-locale.o)
                0x200007b8                __global_locale
                0x20000924                        . = ALIGN (0x4)
                0x20000924                        _edata = .

.tm_clone_table
                0x20000924        0x0 load address 0x08009388
 .tm_clone_table
                0x20000924        0x0 /usr/lib64/gcc/arm-none-eabi/14/thumb/v7e-m/nofp/crtbegin.o
 .tm_clone_table
                0x20000924        0x0 /usr/lib64/gcc/arm-none-eabi/14/thumb/v7e-m/nofp/crtend.o

.igot.plt       0x20000924        0x0 load address 0x08009388
 .igot.plt      0x20000924        0x0 /usr/lib64/gcc/arm-none-eabi/14/thumb/v7e-m/nofp/crtbegin.o
                0x20000924                        . = ALIGN (0x4)

.bss            0x20000928      0x360 load address 0x08009388
                0x20000928                        _sbss = .
                0x20000928                        __bss_start__ = _sbss
 *(.bss)
 .bss           0x20000928       0x1c /usr/lib64/gcc/arm-none-eabi/14/thumb/v7e-m/nofp/crtbegin.o
 *(.bss*)
 .bss.cdc_handler.0
                0x20000944       0x50 CMakeFiles/CLionGD32F303CG.elf.dir/Drivers/GD32F30x_usbd_library/class/device/cdc/Source/cdc_acm_core.c.obj
 .bss.usbd_int_fops
                0x20000994        0x4 CMakeFiles/CLionGD32F303CG.elf.dir/Drivers/GD32F30x_usbd_library/device/Source/usbd_core.c.obj
                0x20000994                usbd_int_fops
 .bss.status.0  0x20000998        0x2 CMakeFiles/CLionGD32F303CG.elf.dir/Drivers/GD32F30x_usbd_library/device/Source/usbd_enum.c.obj
 .bss.config.1  0x2000099a        0x1 CMakeFiles/CLionGD32F303CG.elf.dir/Drivers/GD32F30x_usbd_library/device/Source/usbd_enum.c.obj
 *fill*         0x2000099b        0x1 
 .bss.usbd_core
                0x2000099c        0x8 CMakeFiles/CLionGD32F303CG.elf.dir/Drivers/GD32F30x_usbd_library/usbd/Source/usbd_lld_core.c.obj
                0x2000099c                usbd_core
 .bss.delay     0x200009a4        0x4 CMakeFiles/CLionGD32F303CG.elf.dir/Source/main.c.obj
 .bss.usbd_cdc  0x200009a8       0xbc CMakeFiles/CLionGD32F303CG.elf.dir/Source/main.c.obj
                0x200009a8                usbd_cdc
 .bss.__sf      0x20000a64      0x138 /usr/lib64/gcc/arm-none-eabi/14/../../../../arm-none-eabi/lib/thumb/v7e-m/nofp/libc.a(libc_a-findfp.o)
                0x20000a64                __sf
 .bss.__stdio_exit_handler
                0x20000b9c        0x4 /usr/lib64/gcc/arm-none-eabi/14/../../../../arm-none-eabi/lib/thumb/v7e-m/nofp/libc.a(libc_a-findfp.o)
                0x20000b9c                __stdio_exit_handler
 .bss.errno     0x20000ba0        0x4 /usr/lib64/gcc/arm-none-eabi/14/../../../../arm-none-eabi/lib/thumb/v7e-m/nofp/libc.a(libc_a-reent.o)
                0x20000ba0                errno
 .bss.heap_end.0
                0x20000ba4        0x4 /usr/lib64/gcc/arm-none-eabi/14/../../../../arm-none-eabi/lib/thumb/v7e-m/nofp/libc.a(libc_a-syscalls.o)
 .bss.openfiles
                0x20000ba8       0xa0 /usr/lib64/gcc/arm-none-eabi/14/../../../../arm-none-eabi/lib/thumb/v7e-m/nofp/libc.a(libc_a-syscalls.o)
 .bss.monitor_stderr
                0x20000c48        0x4 /usr/lib64/gcc/arm-none-eabi/14/../../../../arm-none-eabi/lib/thumb/v7e-m/nofp/libc.a(libc_a-syscalls.o)
 .bss.monitor_stdout
                0x20000c4c        0x4 /usr/lib64/gcc/arm-none-eabi/14/../../../../arm-none-eabi/lib/thumb/v7e-m/nofp/libc.a(libc_a-syscalls.o)
 .bss.monitor_stdin
                0x20000c50        0x4 /usr/lib64/gcc/arm-none-eabi/14/../../../../arm-none-eabi/lib/thumb/v7e-m/nofp/libc.a(libc_a-syscalls.o)
 .bss.__malloc_current_mallinfo
                0x20000c54       0x28 /usr/lib64/gcc/arm-none-eabi/14/../../../../arm-none-eabi/lib/thumb/v7e-m/nofp/libc.a(libc_a-mallocr.o)
                0x20000c54                __malloc_current_mallinfo
 .bss.__malloc_max_total_mem
                0x20000c7c        0x4 /usr/lib64/gcc/arm-none-eabi/14/../../../../arm-none-eabi/lib/thumb/v7e-m/nofp/libc.a(libc_a-mallocr.o)
                0x20000c7c                __malloc_max_total_mem
 .bss.__malloc_max_sbrked_mem
                0x20000c80        0x4 /usr/lib64/gcc/arm-none-eabi/14/../../../../arm-none-eabi/lib/thumb/v7e-m/nofp/libc.a(libc_a-mallocr.o)
                0x20000c80                __malloc_max_sbrked_mem
 .bss.__malloc_top_pad
                0x20000c84        0x4 /usr/lib64/gcc/arm-none-eabi/14/../../../../arm-none-eabi/lib/thumb/v7e-m/nofp/libc.a(libc_a-mallocr.o)
                0x20000c84                __malloc_top_pad
 *(COMMON)
                0x20000c88                        . = ALIGN (0x4)
                0x20000c88                        _ebss = .
                0x20000c88                        __bss_end__ = _ebss

._user_heap_stack
                0x20000c88      0x600 load address 0x08009388
                0x20000c88                        . = ALIGN (0x4)
                0x20000c88                        PROVIDE (end = .)
                [!provide]                        PROVIDE (_end = .)
                0x20000e88                        . = (. + _Min_Heap_Size)
 *fill*         0x20000c88      0x200 
                0x20001288                        . = (. + _Min_Stack_Size)
 *fill*         0x20000e88      0x400 
                0x20001288                        . = ALIGN (0x4)

/DISCARD/
 libc.a(*)
 libm.a(*)
 libgcc.a(*)

.ARM.attributes
                0x00000000       0x2a
 *(.ARM.attributes)
 .ARM.attributes
                0x00000000       0x1e /usr/lib64/gcc/arm-none-eabi/14/thumb/v7e-m/nofp/crti.o
 .ARM.attributes
                0x0000001e       0x2e /usr/lib64/gcc/arm-none-eabi/14/thumb/v7e-m/nofp/crtbegin.o
 .ARM.attributes
                0x0000004c       0x21 CMakeFiles/CLionGD32F303CG.elf.dir/Drivers/CMSIS/GD/GD32F30x/Source/gcc/startup_gd32f30x_xd.S.obj
 .ARM.attributes
                0x0000006d       0x2e CMakeFiles/CLionGD32F303CG.elf.dir/Drivers/CMSIS/GD/GD32F30x/Source/system_gd32f30x.c.obj
 .ARM.attributes
                0x0000009b       0x2e CMakeFiles/CLionGD32F303CG.elf.dir/Drivers/GD32F30x_standard_peripheral/Source/gd32f30x_gpio.c.obj
 .ARM.attributes
                0x000000c9       0x2e CMakeFiles/CLionGD32F303CG.elf.dir/Drivers/GD32F30x_standard_peripheral/Source/gd32f30x_misc.c.obj
 .ARM.attributes
                0x000000f7       0x2e CMakeFiles/CLionGD32F303CG.elf.dir/Drivers/GD32F30x_standard_peripheral/Source/gd32f30x_rcu.c.obj
 .ARM.attributes
                0x00000125       0x2e CMakeFiles/CLionGD32F303CG.elf.dir/Drivers/GD32F30x_usbd_library/class/device/cdc/Source/cdc_acm_core.c.obj
 .ARM.attributes
                0x00000153       0x2e CMakeFiles/CLionGD32F303CG.elf.dir/Drivers/GD32F30x_usbd_library/device/Source/usbd_core.c.obj
 .ARM.attributes
                0x00000181       0x2e CMakeFiles/CLionGD32F303CG.elf.dir/Drivers/GD32F30x_usbd_library/device/Source/usbd_enum.c.obj
 .ARM.attributes
                0x000001af       0x2e CMakeFiles/CLionGD32F303CG.elf.dir/Drivers/GD32F30x_usbd_library/device/Source/usbd_transc.c.obj
 .ARM.attributes
                0x000001dd       0x2e CMakeFiles/CLionGD32F303CG.elf.dir/Drivers/GD32F30x_usbd_library/usbd/Source/usbd_lld_core.c.obj
 .ARM.attributes
                0x0000020b       0x2e CMakeFiles/CLionGD32F303CG.elf.dir/Drivers/GD32F30x_usbd_library/usbd/Source/usbd_lld_int.c.obj
 .ARM.attributes
                0x00000239       0x2e CMakeFiles/CLionGD32F303CG.elf.dir/Source/gd32f30x_it.c.obj
 .ARM.attributes
                0x00000267       0x2e CMakeFiles/CLionGD32F303CG.elf.dir/Source/gd32f30x_usbd_hw.c.obj
 .ARM.attributes
                0x00000295       0x2e CMakeFiles/CLionGD32F303CG.elf.dir/Source/main.c.obj
 .ARM.attributes
                0x000002c3       0x2e /usr/lib64/gcc/arm-none-eabi/14/../../../../arm-none-eabi/lib/thumb/v7e-m/nofp/libc.a(libc_a-findfp.o)
 .ARM.attributes
                0x000002f1       0x2e /usr/lib64/gcc/arm-none-eabi/14/../../../../arm-none-eabi/lib/thumb/v7e-m/nofp/libc.a(libc_a-fwalk.o)
 .ARM.attributes
                0x0000031f       0x2e /usr/lib64/gcc/arm-none-eabi/14/../../../../arm-none-eabi/lib/thumb/v7e-m/nofp/libc.a(libc_a-printf.o)
 .ARM.attributes
                0x0000034d       0x2e /usr/lib64/gcc/arm-none-eabi/14/../../../../arm-none-eabi/lib/thumb/v7e-m/nofp/libc.a(libc_a-stdio.o)
 .ARM.attributes
                0x0000037b       0x2e /usr/lib64/gcc/arm-none-eabi/14/../../../../arm-none-eabi/lib/thumb/v7e-m/nofp/libc.a(libc_a-memset.o)
 .ARM.attributes
                0x000003a9       0x2e /usr/lib64/gcc/arm-none-eabi/14/../../../../arm-none-eabi/lib/thumb/v7e-m/nofp/libc.a(libc_a-closer.o)
 .ARM.attributes
                0x000003d7       0x2e /usr/lib64/gcc/arm-none-eabi/14/../../../../arm-none-eabi/lib/thumb/v7e-m/nofp/libc.a(libc_a-reent.o)
 .ARM.attributes
                0x00000405       0x2e /usr/lib64/gcc/arm-none-eabi/14/../../../../arm-none-eabi/lib/thumb/v7e-m/nofp/libc.a(libc_a-impure.o)
 .ARM.attributes
                0x00000433       0x2e /usr/lib64/gcc/arm-none-eabi/14/../../../../arm-none-eabi/lib/thumb/v7e-m/nofp/libc.a(libc_a-lseekr.o)
 .ARM.attributes
                0x00000461       0x2e /usr/lib64/gcc/arm-none-eabi/14/../../../../arm-none-eabi/lib/thumb/v7e-m/nofp/libc.a(libc_a-readr.o)
 .ARM.attributes
                0x0000048f       0x2e /usr/lib64/gcc/arm-none-eabi/14/../../../../arm-none-eabi/lib/thumb/v7e-m/nofp/libc.a(libc_a-writer.o)
 .ARM.attributes
                0x000004bd       0x2e /usr/lib64/gcc/arm-none-eabi/14/../../../../arm-none-eabi/lib/thumb/v7e-m/nofp/libc.a(libc_a-init.o)
 .ARM.attributes
                0x000004eb       0x2e /usr/lib64/gcc/arm-none-eabi/14/../../../../arm-none-eabi/lib/thumb/v7e-m/nofp/libc.a(libc_a-syscalls.o)
 .ARM.attributes
                0x00000519       0x1c /usr/lib64/gcc/arm-none-eabi/14/../../../../arm-none-eabi/lib/thumb/v7e-m/nofp/libc.a(libc_a-memcpy.o)
 .ARM.attributes
                0x00000535       0x1c /usr/lib64/gcc/arm-none-eabi/14/../../../../arm-none-eabi/lib/thumb/v7e-m/nofp/libc.a(libc_a-strlen.o)
 .ARM.attributes
                0x00000551       0x2e /usr/lib64/gcc/arm-none-eabi/14/../../../../arm-none-eabi/lib/thumb/v7e-m/nofp/libc.a(libc_a-freer.o)
 .ARM.attributes
                0x0000057f       0x2e /usr/lib64/gcc/arm-none-eabi/14/../../../../arm-none-eabi/lib/thumb/v7e-m/nofp/libc.a(libc_a-mallocr.o)
 .ARM.attributes
                0x000005ad       0x2e /usr/lib64/gcc/arm-none-eabi/14/../../../../arm-none-eabi/lib/thumb/v7e-m/nofp/libc.a(libc_a-mlock.o)
 .ARM.attributes
                0x000005db       0x2e /usr/lib64/gcc/arm-none-eabi/14/../../../../arm-none-eabi/lib/thumb/v7e-m/nofp/libc.a(libc_a-vfprintf.o)
 .ARM.attributes
                0x00000609       0x2e /usr/lib64/gcc/arm-none-eabi/14/../../../../arm-none-eabi/lib/thumb/v7e-m/nofp/libc.a(libc_a-vfiprintf.o)
 .ARM.attributes
                0x00000637       0x2e /usr/lib64/gcc/arm-none-eabi/14/../../../../arm-none-eabi/lib/thumb/v7e-m/nofp/libc.a(libc_a-fclose.o)
 .ARM.attributes
                0x00000665       0x2e /usr/lib64/gcc/arm-none-eabi/14/../../../../arm-none-eabi/lib/thumb/v7e-m/nofp/libc.a(libc_a-fflush.o)
 .ARM.attributes
                0x00000693       0x2e /usr/lib64/gcc/arm-none-eabi/14/../../../../arm-none-eabi/lib/thumb/v7e-m/nofp/libc.a(libc_a-fvwrite.o)
 .ARM.attributes
                0x000006c1       0x2e /usr/lib64/gcc/arm-none-eabi/14/../../../../arm-none-eabi/lib/thumb/v7e-m/nofp/libc.a(libc_a-wsetup.o)
 .ARM.attributes
                0x000006ef       0x2e /usr/lib64/gcc/arm-none-eabi/14/../../../../arm-none-eabi/lib/thumb/v7e-m/nofp/libc.a(libc_a-fputwc.o)
 .ARM.attributes
                0x0000071d       0x2e /usr/lib64/gcc/arm-none-eabi/14/../../../../arm-none-eabi/lib/thumb/v7e-m/nofp/libc.a(libc_a-memmove.o)
 .ARM.attributes
                0x0000074b       0x2e /usr/lib64/gcc/arm-none-eabi/14/../../../../arm-none-eabi/lib/thumb/v7e-m/nofp/libc.a(libc_a-locale.o)
 .ARM.attributes
                0x00000779       0x2e /usr/lib64/gcc/arm-none-eabi/14/../../../../arm-none-eabi/lib/thumb/v7e-m/nofp/libc.a(libc_a-localeconv.o)
 .ARM.attributes
                0x000007a7       0x2e /usr/lib64/gcc/arm-none-eabi/14/../../../../arm-none-eabi/lib/thumb/v7e-m/nofp/libc.a(libc_a-sbrkr.o)
 .ARM.attributes
                0x000007d5       0x2e /usr/lib64/gcc/arm-none-eabi/14/../../../../arm-none-eabi/lib/thumb/v7e-m/nofp/libc.a(libc_a-errno.o)
 .ARM.attributes
                0x00000803       0x2e /usr/lib64/gcc/arm-none-eabi/14/../../../../arm-none-eabi/lib/thumb/v7e-m/nofp/libc.a(libc_a-sysconf.o)
 .ARM.attributes
                0x00000831       0x1c /usr/lib64/gcc/arm-none-eabi/14/../../../../arm-none-eabi/lib/thumb/v7e-m/nofp/libc.a(libc_a-memchr.o)
 .ARM.attributes
                0x0000084d       0x2e /usr/lib64/gcc/arm-none-eabi/14/../../../../arm-none-eabi/lib/thumb/v7e-m/nofp/libc.a(libc_a-dtoa.o)
 .ARM.attributes
                0x0000087b       0x2e /usr/lib64/gcc/arm-none-eabi/14/../../../../arm-none-eabi/lib/thumb/v7e-m/nofp/libc.a(libc_a-mbtowc_r.o)
 .ARM.attributes
                0x000008a9       0x2e /usr/lib64/gcc/arm-none-eabi/14/../../../../arm-none-eabi/lib/thumb/v7e-m/nofp/libc.a(libc_a-mprec.o)
 .ARM.attributes
                0x000008d7       0x2e /usr/lib64/gcc/arm-none-eabi/14/../../../../arm-none-eabi/lib/thumb/v7e-m/nofp/libc.a(libc_a-reallocr.o)
 .ARM.attributes
                0x00000905       0x2e /usr/lib64/gcc/arm-none-eabi/14/../../../../arm-none-eabi/lib/thumb/v7e-m/nofp/libc.a(libc_a-wctomb_r.o)
 .ARM.attributes
                0x00000933       0x2e /usr/lib64/gcc/arm-none-eabi/14/../../../../arm-none-eabi/lib/thumb/v7e-m/nofp/libc.a(libc_a-wcrtomb.o)
 .ARM.attributes
                0x00000961       0x2e /usr/lib64/gcc/arm-none-eabi/14/../../../../arm-none-eabi/lib/thumb/v7e-m/nofp/libc.a(libc_a-ctype_.o)
 .ARM.attributes
                0x0000098f       0x2e /usr/lib64/gcc/arm-none-eabi/14/../../../../arm-none-eabi/lib/thumb/v7e-m/nofp/libc.a(libc_a-makebuf.o)
 .ARM.attributes
                0x000009bd       0x2e /usr/lib64/gcc/arm-none-eabi/14/../../../../arm-none-eabi/lib/thumb/v7e-m/nofp/libc.a(libc_a-wbuf.o)
 .ARM.attributes
                0x000009eb       0x2e /usr/lib64/gcc/arm-none-eabi/14/../../../../arm-none-eabi/lib/thumb/v7e-m/nofp/libc.a(libc_a-fstatr.o)
 .ARM.attributes
                0x00000a19       0x2e /usr/lib64/gcc/arm-none-eabi/14/../../../../arm-none-eabi/lib/thumb/v7e-m/nofp/libc.a(libc_a-isattyr.o)
 .ARM.attributes
                0x00000a47       0x2e /usr/lib64/gcc/arm-none-eabi/14/../../../../arm-none-eabi/lib/thumb/v7e-m/nofp/libc.a(libc_a-assert.o)
 .ARM.attributes
                0x00000a75       0x2e /usr/lib64/gcc/arm-none-eabi/14/../../../../arm-none-eabi/lib/thumb/v7e-m/nofp/libc.a(libc_a-callocr.o)
 .ARM.attributes
                0x00000aa3       0x2e /usr/lib64/gcc/arm-none-eabi/14/../../../../arm-none-eabi/lib/thumb/v7e-m/nofp/libc.a(libc_a-fiprintf.o)
 .ARM.attributes
                0x00000ad1       0x2e /usr/lib64/gcc/arm-none-eabi/14/../../../../arm-none-eabi/lib/thumb/v7e-m/nofp/libc.a(libc_a-abort.o)
 .ARM.attributes
                0x00000aff       0x2e /usr/lib64/gcc/arm-none-eabi/14/../../../../arm-none-eabi/lib/thumb/v7e-m/nofp/libc.a(libc_a-signal.o)
 .ARM.attributes
                0x00000b2d       0x2e /usr/lib64/gcc/arm-none-eabi/14/../../../../arm-none-eabi/lib/thumb/v7e-m/nofp/libc.a(libc_a-signalr.o)
 .ARM.attributes
                0x00000b5b       0x1e /usr/lib64/gcc/arm-none-eabi/14/thumb/v7e-m/nofp/libgcc.a(_arm_addsubdf3.o)
 .ARM.attributes
                0x00000b79       0x1e /usr/lib64/gcc/arm-none-eabi/14/thumb/v7e-m/nofp/libgcc.a(_arm_muldivdf3.o)
 .ARM.attributes
                0x00000b97       0x1e /usr/lib64/gcc/arm-none-eabi/14/thumb/v7e-m/nofp/libgcc.a(_arm_cmpdf2.o)
 .ARM.attributes
                0x00000bb5       0x1e /usr/lib64/gcc/arm-none-eabi/14/thumb/v7e-m/nofp/libgcc.a(_arm_unorddf2.o)
 .ARM.attributes
                0x00000bd3       0x1e /usr/lib64/gcc/arm-none-eabi/14/thumb/v7e-m/nofp/libgcc.a(_arm_fixdfsi.o)
 .ARM.attributes
                0x00000bf1       0x2e /usr/lib64/gcc/arm-none-eabi/14/thumb/v7e-m/nofp/crtend.o
 .ARM.attributes
                0x00000c1f       0x1e /usr/lib64/gcc/arm-none-eabi/14/thumb/v7e-m/nofp/crtn.o
OUTPUT(CLionGD32F303CG.elf elf32-littlearm)
LOAD linker stubs
LOAD /usr/lib64/gcc/arm-none-eabi/14/../../../../arm-none-eabi/lib/thumb/v7e-m/nofp/libc.a
LOAD /usr/lib64/gcc/arm-none-eabi/14/../../../../arm-none-eabi/lib/thumb/v7e-m/nofp/libm.a
LOAD /usr/lib64/gcc/arm-none-eabi/14/thumb/v7e-m/nofp/libgcc.a

.debug_line     0x00000000    0x13eaf
 .debug_line    0x00000000       0x78 CMakeFiles/CLionGD32F303CG.elf.dir/Drivers/CMSIS/GD/GD32F30x/Source/gcc/startup_gd32f30x_xd.S.obj
 .debug_line    0x00000078      0x46e CMakeFiles/CLionGD32F303CG.elf.dir/Drivers/CMSIS/GD/GD32F30x/Source/system_gd32f30x.c.obj
 .debug_line    0x000004e6      0x6c2 CMakeFiles/CLionGD32F303CG.elf.dir/Drivers/GD32F30x_standard_peripheral/Source/gd32f30x_gpio.c.obj
 .debug_line    0x00000ba8      0x2db CMakeFiles/CLionGD32F303CG.elf.dir/Drivers/GD32F30x_standard_peripheral/Source/gd32f30x_misc.c.obj
 .debug_line    0x00000e83      0xb0d CMakeFiles/CLionGD32F303CG.elf.dir/Drivers/GD32F30x_standard_peripheral/Source/gd32f30x_rcu.c.obj
 .debug_line    0x00001990      0x62f CMakeFiles/CLionGD32F303CG.elf.dir/Drivers/GD32F30x_usbd_library/class/device/cdc/Source/cdc_acm_core.c.obj
 .debug_line    0x00001fbf      0x3d2 CMakeFiles/CLionGD32F303CG.elf.dir/Drivers/GD32F30x_usbd_library/device/Source/usbd_core.c.obj
 .debug_line    0x00002391      0xb06 CMakeFiles/CLionGD32F303CG.elf.dir/Drivers/GD32F30x_usbd_library/device/Source/usbd_enum.c.obj
 .debug_line    0x00002e97      0x42a CMakeFiles/CLionGD32F303CG.elf.dir/Drivers/GD32F30x_usbd_library/device/Source/usbd_transc.c.obj
 .debug_line    0x000032c1      0x8cf CMakeFiles/CLionGD32F303CG.elf.dir/Drivers/GD32F30x_usbd_library/usbd/Source/usbd_lld_core.c.obj
 .debug_line    0x00003b90      0x57b CMakeFiles/CLionGD32F303CG.elf.dir/Drivers/GD32F30x_usbd_library/usbd/Source/usbd_lld_int.c.obj
 .debug_line    0x0000410b      0x179 CMakeFiles/CLionGD32F303CG.elf.dir/Source/gd32f30x_it.c.obj
 .debug_line    0x00004284      0x21a CMakeFiles/CLionGD32F303CG.elf.dir/Source/gd32f30x_usbd_hw.c.obj
 .debug_line    0x0000449e      0x50e CMakeFiles/CLionGD32F303CG.elf.dir/Source/main.c.obj
 .debug_line    0x000049ac      0x56e /usr/lib64/gcc/arm-none-eabi/14/../../../../arm-none-eabi/lib/thumb/v7e-m/nofp/libc.a(libc_a-findfp.o)
 .debug_line    0x00004f1a      0x1dd /usr/lib64/gcc/arm-none-eabi/14/../../../../arm-none-eabi/lib/thumb/v7e-m/nofp/libc.a(libc_a-fwalk.o)
 .debug_line    0x000050f7      0x1d7 /usr/lib64/gcc/arm-none-eabi/14/../../../../arm-none-eabi/lib/thumb/v7e-m/nofp/libc.a(libc_a-printf.o)
 .debug_line    0x000052ce      0x25f /usr/lib64/gcc/arm-none-eabi/14/../../../../arm-none-eabi/lib/thumb/v7e-m/nofp/libc.a(libc_a-stdio.o)
 .debug_line    0x0000552d      0x1aa /usr/lib64/gcc/arm-none-eabi/14/../../../../arm-none-eabi/lib/thumb/v7e-m/nofp/libc.a(libc_a-memset.o)
 .debug_line    0x000056d7      0x19f /usr/lib64/gcc/arm-none-eabi/14/../../../../arm-none-eabi/lib/thumb/v7e-m/nofp/libc.a(libc_a-closer.o)
 .debug_line    0x00005876      0x1df /usr/lib64/gcc/arm-none-eabi/14/../../../../arm-none-eabi/lib/thumb/v7e-m/nofp/libc.a(libc_a-reent.o)
 .debug_line    0x00005a55       0xec /usr/lib64/gcc/arm-none-eabi/14/../../../../arm-none-eabi/lib/thumb/v7e-m/nofp/libc.a(libc_a-impure.o)
 .debug_line    0x00005b41      0x1a5 /usr/lib64/gcc/arm-none-eabi/14/../../../../arm-none-eabi/lib/thumb/v7e-m/nofp/libc.a(libc_a-lseekr.o)
 .debug_line    0x00005ce6      0x1a4 /usr/lib64/gcc/arm-none-eabi/14/../../../../arm-none-eabi/lib/thumb/v7e-m/nofp/libc.a(libc_a-readr.o)
 .debug_line    0x00005e8a      0x1a5 /usr/lib64/gcc/arm-none-eabi/14/../../../../arm-none-eabi/lib/thumb/v7e-m/nofp/libc.a(libc_a-writer.o)
 .debug_line    0x0000602f      0x11c /usr/lib64/gcc/arm-none-eabi/14/../../../../arm-none-eabi/lib/thumb/v7e-m/nofp/libc.a(libc_a-init.o)
 .debug_line    0x0000614b     0x136c /usr/lib64/gcc/arm-none-eabi/14/../../../../arm-none-eabi/lib/thumb/v7e-m/nofp/libc.a(libc_a-syscalls.o)
 .debug_line    0x000074b7       0xb9 /usr/lib64/gcc/arm-none-eabi/14/../../../../arm-none-eabi/lib/thumb/v7e-m/nofp/libc.a(libc_a-memcpy.o)
 .debug_line    0x00007570       0x86 /usr/lib64/gcc/arm-none-eabi/14/../../../../arm-none-eabi/lib/thumb/v7e-m/nofp/libc.a(libc_a-strlen.o)
 .debug_line    0x000075f6      0x564 /usr/lib64/gcc/arm-none-eabi/14/../../../../arm-none-eabi/lib/thumb/v7e-m/nofp/libc.a(libc_a-freer.o)
 .debug_line    0x00007b5a      0x8fa /usr/lib64/gcc/arm-none-eabi/14/../../../../arm-none-eabi/lib/thumb/v7e-m/nofp/libc.a(libc_a-mallocr.o)
 .debug_line    0x00008454      0x16a /usr/lib64/gcc/arm-none-eabi/14/../../../../arm-none-eabi/lib/thumb/v7e-m/nofp/libc.a(libc_a-mlock.o)
 .debug_line    0x000085be     0x272f /usr/lib64/gcc/arm-none-eabi/14/../../../../arm-none-eabi/lib/thumb/v7e-m/nofp/libc.a(libc_a-vfprintf.o)
 .debug_line    0x0000aced     0x1c5a /usr/lib64/gcc/arm-none-eabi/14/../../../../arm-none-eabi/lib/thumb/v7e-m/nofp/libc.a(libc_a-vfiprintf.o)
 .debug_line    0x0000c947      0x265 /usr/lib64/gcc/arm-none-eabi/14/../../../../arm-none-eabi/lib/thumb/v7e-m/nofp/libc.a(libc_a-fclose.o)
 .debug_line    0x0000cbac      0x474 /usr/lib64/gcc/arm-none-eabi/14/../../../../arm-none-eabi/lib/thumb/v7e-m/nofp/libc.a(libc_a-fflush.o)
 .debug_line    0x0000d020      0x5ab /usr/lib64/gcc/arm-none-eabi/14/../../../../arm-none-eabi/lib/thumb/v7e-m/nofp/libc.a(libc_a-fvwrite.o)
 .debug_line    0x0000d5cb      0x344 /usr/lib64/gcc/arm-none-eabi/14/../../../../arm-none-eabi/lib/thumb/v7e-m/nofp/libc.a(libc_a-wsetup.o)
 .debug_line    0x0000d90f      0x32e /usr/lib64/gcc/arm-none-eabi/14/../../../../arm-none-eabi/lib/thumb/v7e-m/nofp/libc.a(libc_a-fputwc.o)
 .debug_line    0x0000dc3d      0x213 /usr/lib64/gcc/arm-none-eabi/14/../../../../arm-none-eabi/lib/thumb/v7e-m/nofp/libc.a(libc_a-memmove.o)
 .debug_line    0x0000de50      0x2b8 /usr/lib64/gcc/arm-none-eabi/14/../../../../arm-none-eabi/lib/thumb/v7e-m/nofp/libc.a(libc_a-locale.o)
 .debug_line    0x0000e108      0x1a9 /usr/lib64/gcc/arm-none-eabi/14/../../../../arm-none-eabi/lib/thumb/v7e-m/nofp/libc.a(libc_a-localeconv.o)
 .debug_line    0x0000e2b1      0x19f /usr/lib64/gcc/arm-none-eabi/14/../../../../arm-none-eabi/lib/thumb/v7e-m/nofp/libc.a(libc_a-sbrkr.o)
 .debug_line    0x0000e450      0x111 /usr/lib64/gcc/arm-none-eabi/14/../../../../arm-none-eabi/lib/thumb/v7e-m/nofp/libc.a(libc_a-errno.o)
 .debug_line    0x0000e561       0xed /usr/lib64/gcc/arm-none-eabi/14/../../../../arm-none-eabi/lib/thumb/v7e-m/nofp/libc.a(libc_a-sysconf.o)
 .debug_line    0x0000e64e       0x84 /usr/lib64/gcc/arm-none-eabi/14/../../../../arm-none-eabi/lib/thumb/v7e-m/nofp/libc.a(libc_a-memchr.o)
 .debug_line    0x0000e6d2     0x1690 /usr/lib64/gcc/arm-none-eabi/14/../../../../arm-none-eabi/lib/thumb/v7e-m/nofp/libc.a(libc_a-dtoa.o)
 .debug_line    0x0000fd62      0x226 /usr/lib64/gcc/arm-none-eabi/14/../../../../arm-none-eabi/lib/thumb/v7e-m/nofp/libc.a(libc_a-mbtowc_r.o)
 .debug_line    0x0000ff88     0x152c /usr/lib64/gcc/arm-none-eabi/14/../../../../arm-none-eabi/lib/thumb/v7e-m/nofp/libc.a(libc_a-mprec.o)
 .debug_line    0x000114b4      0x67b /usr/lib64/gcc/arm-none-eabi/14/../../../../arm-none-eabi/lib/thumb/v7e-m/nofp/libc.a(libc_a-reallocr.o)
 .debug_line    0x00011b2f      0x212 /usr/lib64/gcc/arm-none-eabi/14/../../../../arm-none-eabi/lib/thumb/v7e-m/nofp/libc.a(libc_a-wctomb_r.o)
 .debug_line    0x00011d41      0x2d3 /usr/lib64/gcc/arm-none-eabi/14/../../../../arm-none-eabi/lib/thumb/v7e-m/nofp/libc.a(libc_a-wcrtomb.o)
 .debug_line    0x00012014       0x9e /usr/lib64/gcc/arm-none-eabi/14/../../../../arm-none-eabi/lib/thumb/v7e-m/nofp/libc.a(libc_a-ctype_.o)
 .debug_line    0x000120b2      0x3eb /usr/lib64/gcc/arm-none-eabi/14/../../../../arm-none-eabi/lib/thumb/v7e-m/nofp/libc.a(libc_a-makebuf.o)
 .debug_line    0x0001249d      0x2a8 /usr/lib64/gcc/arm-none-eabi/14/../../../../arm-none-eabi/lib/thumb/v7e-m/nofp/libc.a(libc_a-wbuf.o)
 .debug_line    0x00012745      0x22f /usr/lib64/gcc/arm-none-eabi/14/../../../../arm-none-eabi/lib/thumb/v7e-m/nofp/libc.a(libc_a-fstatr.o)
 .debug_line    0x00012974      0x1a0 /usr/lib64/gcc/arm-none-eabi/14/../../../../arm-none-eabi/lib/thumb/v7e-m/nofp/libc.a(libc_a-isattyr.o)
 .debug_line    0x00012b14      0x1be /usr/lib64/gcc/arm-none-eabi/14/../../../../arm-none-eabi/lib/thumb/v7e-m/nofp/libc.a(libc_a-assert.o)
 .debug_line    0x00012cd2      0x205 /usr/lib64/gcc/arm-none-eabi/14/../../../../arm-none-eabi/lib/thumb/v7e-m/nofp/libc.a(libc_a-callocr.o)
 .debug_line    0x00012ed7      0x1bd /usr/lib64/gcc/arm-none-eabi/14/../../../../arm-none-eabi/lib/thumb/v7e-m/nofp/libc.a(libc_a-fiprintf.o)
 .debug_line    0x00013094      0x123 /usr/lib64/gcc/arm-none-eabi/14/../../../../arm-none-eabi/lib/thumb/v7e-m/nofp/libc.a(libc_a-abort.o)
 .debug_line    0x000131b7      0x6ce /usr/lib64/gcc/arm-none-eabi/14/../../../../arm-none-eabi/lib/thumb/v7e-m/nofp/libc.a(libc_a-signal.o)
 .debug_line    0x00013885      0x1d8 /usr/lib64/gcc/arm-none-eabi/14/../../../../arm-none-eabi/lib/thumb/v7e-m/nofp/libc.a(libc_a-signalr.o)
 .debug_line    0x00013a5d      0x16f /usr/lib64/gcc/arm-none-eabi/14/thumb/v7e-m/nofp/libgcc.a(_arm_addsubdf3.o)
 .debug_line    0x00013bcc      0x184 /usr/lib64/gcc/arm-none-eabi/14/thumb/v7e-m/nofp/libgcc.a(_arm_muldivdf3.o)
 .debug_line    0x00013d50       0xa6 /usr/lib64/gcc/arm-none-eabi/14/thumb/v7e-m/nofp/libgcc.a(_arm_cmpdf2.o)
 .debug_line    0x00013df6       0x57 /usr/lib64/gcc/arm-none-eabi/14/thumb/v7e-m/nofp/libgcc.a(_arm_unorddf2.o)
 .debug_line    0x00013e4d       0x62 /usr/lib64/gcc/arm-none-eabi/14/thumb/v7e-m/nofp/libgcc.a(_arm_fixdfsi.o)

.debug_line_str
                0x00000000      0x1de
 .debug_line_str
                0x00000000      0x1de CMakeFiles/CLionGD32F303CG.elf.dir/Drivers/CMSIS/GD/GD32F30x/Source/gcc/startup_gd32f30x_xd.S.obj
                                 0x85 (size before relaxing)
 .debug_line_str
                0x000001de       0xa4 /usr/lib64/gcc/arm-none-eabi/14/../../../../arm-none-eabi/lib/thumb/v7e-m/nofp/libc.a(libc_a-memcpy.o)
 .debug_line_str
                0x000001de       0xa3 /usr/lib64/gcc/arm-none-eabi/14/../../../../arm-none-eabi/lib/thumb/v7e-m/nofp/libc.a(libc_a-strlen.o)
 .debug_line_str
                0x000001de       0x9d /usr/lib64/gcc/arm-none-eabi/14/../../../../arm-none-eabi/lib/thumb/v7e-m/nofp/libc.a(libc_a-memchr.o)
 .debug_line_str
                0x000001de       0x9d /usr/lib64/gcc/arm-none-eabi/14/thumb/v7e-m/nofp/libgcc.a(_arm_addsubdf3.o)
 .debug_line_str
                0x000001de       0x9d /usr/lib64/gcc/arm-none-eabi/14/thumb/v7e-m/nofp/libgcc.a(_arm_muldivdf3.o)
 .debug_line_str
                0x000001de       0x9d /usr/lib64/gcc/arm-none-eabi/14/thumb/v7e-m/nofp/libgcc.a(_arm_cmpdf2.o)
 .debug_line_str
                0x000001de       0x9d /usr/lib64/gcc/arm-none-eabi/14/thumb/v7e-m/nofp/libgcc.a(_arm_unorddf2.o)
 .debug_line_str
                0x000001de       0x9d /usr/lib64/gcc/arm-none-eabi/14/thumb/v7e-m/nofp/libgcc.a(_arm_fixdfsi.o)

.debug_info     0x00000000    0x273ae
 .debug_info    0x00000000       0x30 CMakeFiles/CLionGD32F303CG.elf.dir/Drivers/CMSIS/GD/GD32F30x/Source/gcc/startup_gd32f30x_xd.S.obj
 .debug_info    0x00000030      0x279 CMakeFiles/CLionGD32F303CG.elf.dir/Drivers/CMSIS/GD/GD32F30x/Source/system_gd32f30x.c.obj
 .debug_info    0x000002a9      0x7fd CMakeFiles/CLionGD32F303CG.elf.dir/Drivers/GD32F30x_standard_peripheral/Source/gd32f30x_gpio.c.obj
 .debug_info    0x00000aa6      0x52d CMakeFiles/CLionGD32F303CG.elf.dir/Drivers/GD32F30x_standard_peripheral/Source/gd32f30x_misc.c.obj
 .debug_info    0x00000fd3      0xf03 CMakeFiles/CLionGD32F303CG.elf.dir/Drivers/GD32F30x_standard_peripheral/Source/gd32f30x_rcu.c.obj
 .debug_info    0x00001ed6     0x1483 CMakeFiles/CLionGD32F303CG.elf.dir/Drivers/GD32F30x_usbd_library/class/device/cdc/Source/cdc_acm_core.c.obj
 .debug_info    0x00003359      0xabf CMakeFiles/CLionGD32F303CG.elf.dir/Drivers/GD32F30x_usbd_library/device/Source/usbd_core.c.obj
 .debug_info    0x00003e18     0x12cb CMakeFiles/CLionGD32F303CG.elf.dir/Drivers/GD32F30x_usbd_library/device/Source/usbd_enum.c.obj
 .debug_info    0x000050e3      0xc2a CMakeFiles/CLionGD32F303CG.elf.dir/Drivers/GD32F30x_usbd_library/device/Source/usbd_transc.c.obj
 .debug_info    0x00005d0d      0xd5e CMakeFiles/CLionGD32F303CG.elf.dir/Drivers/GD32F30x_usbd_library/usbd/Source/usbd_lld_core.c.obj
 .debug_info    0x00006a6b      0xafe CMakeFiles/CLionGD32F303CG.elf.dir/Drivers/GD32F30x_usbd_library/usbd/Source/usbd_lld_int.c.obj
 .debug_info    0x00007569      0x115 CMakeFiles/CLionGD32F303CG.elf.dir/Source/gd32f30x_it.c.obj
 .debug_info    0x0000767e      0x5b1 CMakeFiles/CLionGD32F303CG.elf.dir/Source/gd32f30x_usbd_hw.c.obj
 .debug_info    0x00007c2f     0x12df CMakeFiles/CLionGD32F303CG.elf.dir/Source/main.c.obj
 .debug_info    0x00008f0e      0xea8 /usr/lib64/gcc/arm-none-eabi/14/../../../../arm-none-eabi/lib/thumb/v7e-m/nofp/libc.a(libc_a-findfp.o)
 .debug_info    0x00009db6      0x7e4 /usr/lib64/gcc/arm-none-eabi/14/../../../../arm-none-eabi/lib/thumb/v7e-m/nofp/libc.a(libc_a-fwalk.o)
 .debug_info    0x0000a59a      0x855 /usr/lib64/gcc/arm-none-eabi/14/../../../../arm-none-eabi/lib/thumb/v7e-m/nofp/libc.a(libc_a-printf.o)
 .debug_info    0x0000adef      0xa9e /usr/lib64/gcc/arm-none-eabi/14/../../../../arm-none-eabi/lib/thumb/v7e-m/nofp/libc.a(libc_a-stdio.o)
 .debug_info    0x0000b88d      0x135 /usr/lib64/gcc/arm-none-eabi/14/../../../../arm-none-eabi/lib/thumb/v7e-m/nofp/libc.a(libc_a-memset.o)
 .debug_info    0x0000b9c2      0x770 /usr/lib64/gcc/arm-none-eabi/14/../../../../arm-none-eabi/lib/thumb/v7e-m/nofp/libc.a(libc_a-closer.o)
 .debug_info    0x0000c132      0x7eb /usr/lib64/gcc/arm-none-eabi/14/../../../../arm-none-eabi/lib/thumb/v7e-m/nofp/libc.a(libc_a-reent.o)
 .debug_info    0x0000c91d      0x729 /usr/lib64/gcc/arm-none-eabi/14/../../../../arm-none-eabi/lib/thumb/v7e-m/nofp/libc.a(libc_a-impure.o)
 .debug_info    0x0000d046      0x7bc /usr/lib64/gcc/arm-none-eabi/14/../../../../arm-none-eabi/lib/thumb/v7e-m/nofp/libc.a(libc_a-lseekr.o)
 .debug_info    0x0000d802      0x7d3 /usr/lib64/gcc/arm-none-eabi/14/../../../../arm-none-eabi/lib/thumb/v7e-m/nofp/libc.a(libc_a-readr.o)
 .debug_info    0x0000dfd5      0x7d9 /usr/lib64/gcc/arm-none-eabi/14/../../../../arm-none-eabi/lib/thumb/v7e-m/nofp/libc.a(libc_a-writer.o)
 .debug_info    0x0000e7ae      0x10b /usr/lib64/gcc/arm-none-eabi/14/../../../../arm-none-eabi/lib/thumb/v7e-m/nofp/libc.a(libc_a-init.o)
 .debug_info    0x0000e8b9     0x2684 /usr/lib64/gcc/arm-none-eabi/14/../../../../arm-none-eabi/lib/thumb/v7e-m/nofp/libc.a(libc_a-syscalls.o)
 .debug_info    0x00010f3d       0x33 /usr/lib64/gcc/arm-none-eabi/14/../../../../arm-none-eabi/lib/thumb/v7e-m/nofp/libc.a(libc_a-memcpy.o)
 .debug_info    0x00010f70       0x33 /usr/lib64/gcc/arm-none-eabi/14/../../../../arm-none-eabi/lib/thumb/v7e-m/nofp/libc.a(libc_a-strlen.o)
 .debug_info    0x00010fa3      0xb55 /usr/lib64/gcc/arm-none-eabi/14/../../../../arm-none-eabi/lib/thumb/v7e-m/nofp/libc.a(libc_a-freer.o)
 .debug_info    0x00011af8      0xcd7 /usr/lib64/gcc/arm-none-eabi/14/../../../../arm-none-eabi/lib/thumb/v7e-m/nofp/libc.a(libc_a-mallocr.o)
 .debug_info    0x000127cf      0x73a /usr/lib64/gcc/arm-none-eabi/14/../../../../arm-none-eabi/lib/thumb/v7e-m/nofp/libc.a(libc_a-mlock.o)
 .debug_info    0x00012f09     0x19c2 /usr/lib64/gcc/arm-none-eabi/14/../../../../arm-none-eabi/lib/thumb/v7e-m/nofp/libc.a(libc_a-vfprintf.o)
 .debug_info    0x000148cb     0x1782 /usr/lib64/gcc/arm-none-eabi/14/../../../../arm-none-eabi/lib/thumb/v7e-m/nofp/libc.a(libc_a-vfiprintf.o)
 .debug_info    0x0001604d      0x8e6 /usr/lib64/gcc/arm-none-eabi/14/../../../../arm-none-eabi/lib/thumb/v7e-m/nofp/libc.a(libc_a-fclose.o)
 .debug_info    0x00016933      0xa4c /usr/lib64/gcc/arm-none-eabi/14/../../../../arm-none-eabi/lib/thumb/v7e-m/nofp/libc.a(libc_a-fflush.o)
 .debug_info    0x0001737f      0xb39 /usr/lib64/gcc/arm-none-eabi/14/../../../../arm-none-eabi/lib/thumb/v7e-m/nofp/libc.a(libc_a-fvwrite.o)
 .debug_info    0x00017eb8      0x7cf /usr/lib64/gcc/arm-none-eabi/14/../../../../arm-none-eabi/lib/thumb/v7e-m/nofp/libc.a(libc_a-wsetup.o)
 .debug_info    0x00018687      0xa5a /usr/lib64/gcc/arm-none-eabi/14/../../../../arm-none-eabi/lib/thumb/v7e-m/nofp/libc.a(libc_a-fputwc.o)
 .debug_info    0x000190e1      0x148 /usr/lib64/gcc/arm-none-eabi/14/../../../../arm-none-eabi/lib/thumb/v7e-m/nofp/libc.a(libc_a-memmove.o)
 .debug_info    0x00019229      0xbd7 /usr/lib64/gcc/arm-none-eabi/14/../../../../arm-none-eabi/lib/thumb/v7e-m/nofp/libc.a(libc_a-locale.o)
 .debug_info    0x00019e00      0xa2c /usr/lib64/gcc/arm-none-eabi/14/../../../../arm-none-eabi/lib/thumb/v7e-m/nofp/libc.a(libc_a-localeconv.o)
 .debug_info    0x0001a82c      0x796 /usr/lib64/gcc/arm-none-eabi/14/../../../../arm-none-eabi/lib/thumb/v7e-m/nofp/libc.a(libc_a-sbrkr.o)
 .debug_info    0x0001afc2      0x70f /usr/lib64/gcc/arm-none-eabi/14/../../../../arm-none-eabi/lib/thumb/v7e-m/nofp/libc.a(libc_a-errno.o)
 .debug_info    0x0001b6d1       0xc1 /usr/lib64/gcc/arm-none-eabi/14/../../../../arm-none-eabi/lib/thumb/v7e-m/nofp/libc.a(libc_a-sysconf.o)
 .debug_info    0x0001b792       0x25 /usr/lib64/gcc/arm-none-eabi/14/../../../../arm-none-eabi/lib/thumb/v7e-m/nofp/libc.a(libc_a-memchr.o)
 .debug_info    0x0001b7b7     0x19d6 /usr/lib64/gcc/arm-none-eabi/14/../../../../arm-none-eabi/lib/thumb/v7e-m/nofp/libc.a(libc_a-dtoa.o)
 .debug_info    0x0001d18d      0xace /usr/lib64/gcc/arm-none-eabi/14/../../../../arm-none-eabi/lib/thumb/v7e-m/nofp/libc.a(libc_a-mbtowc_r.o)
 .debug_info    0x0001dc5b     0x1e2e /usr/lib64/gcc/arm-none-eabi/14/../../../../arm-none-eabi/lib/thumb/v7e-m/nofp/libc.a(libc_a-mprec.o)
 .debug_info    0x0001fa89      0xbc9 /usr/lib64/gcc/arm-none-eabi/14/../../../../arm-none-eabi/lib/thumb/v7e-m/nofp/libc.a(libc_a-reallocr.o)
 .debug_info    0x00020652      0xa8a /usr/lib64/gcc/arm-none-eabi/14/../../../../arm-none-eabi/lib/thumb/v7e-m/nofp/libc.a(libc_a-wctomb_r.o)
 .debug_info    0x000210dc      0xb50 /usr/lib64/gcc/arm-none-eabi/14/../../../../arm-none-eabi/lib/thumb/v7e-m/nofp/libc.a(libc_a-wcrtomb.o)
 .debug_info    0x00021c2c       0xb9 /usr/lib64/gcc/arm-none-eabi/14/../../../../arm-none-eabi/lib/thumb/v7e-m/nofp/libc.a(libc_a-ctype_.o)
 .debug_info    0x00021ce5      0xc08 /usr/lib64/gcc/arm-none-eabi/14/../../../../arm-none-eabi/lib/thumb/v7e-m/nofp/libc.a(libc_a-makebuf.o)
 .debug_info    0x000228ed      0x881 /usr/lib64/gcc/arm-none-eabi/14/../../../../arm-none-eabi/lib/thumb/v7e-m/nofp/libc.a(libc_a-wbuf.o)
 .debug_info    0x0002316e      0x995 /usr/lib64/gcc/arm-none-eabi/14/../../../../arm-none-eabi/lib/thumb/v7e-m/nofp/libc.a(libc_a-fstatr.o)
 .debug_info    0x00023b03      0x770 /usr/lib64/gcc/arm-none-eabi/14/../../../../arm-none-eabi/lib/thumb/v7e-m/nofp/libc.a(libc_a-isattyr.o)
 .debug_info    0x00024273      0x843 /usr/lib64/gcc/arm-none-eabi/14/../../../../arm-none-eabi/lib/thumb/v7e-m/nofp/libc.a(libc_a-assert.o)
 .debug_info    0x00024ab6      0x8d9 /usr/lib64/gcc/arm-none-eabi/14/../../../../arm-none-eabi/lib/thumb/v7e-m/nofp/libc.a(libc_a-callocr.o)
 .debug_info    0x0002538f      0x872 /usr/lib64/gcc/arm-none-eabi/14/../../../../arm-none-eabi/lib/thumb/v7e-m/nofp/libc.a(libc_a-fiprintf.o)
 .debug_info    0x00025c01       0xd8 /usr/lib64/gcc/arm-none-eabi/14/../../../../arm-none-eabi/lib/thumb/v7e-m/nofp/libc.a(libc_a-abort.o)
 .debug_info    0x00025cd9      0xc57 /usr/lib64/gcc/arm-none-eabi/14/../../../../arm-none-eabi/lib/thumb/v7e-m/nofp/libc.a(libc_a-signal.o)
 .debug_info    0x00026930      0x7fd /usr/lib64/gcc/arm-none-eabi/14/../../../../arm-none-eabi/lib/thumb/v7e-m/nofp/libc.a(libc_a-signalr.o)
 .debug_info    0x0002712d       0xd3 /usr/lib64/gcc/arm-none-eabi/14/thumb/v7e-m/nofp/libgcc.a(_arm_addsubdf3.o)
 .debug_info    0x00027200       0x57 /usr/lib64/gcc/arm-none-eabi/14/thumb/v7e-m/nofp/libgcc.a(_arm_muldivdf3.o)
 .debug_info    0x00027257       0xdf /usr/lib64/gcc/arm-none-eabi/14/thumb/v7e-m/nofp/libgcc.a(_arm_cmpdf2.o)
 .debug_info    0x00027336       0x3c /usr/lib64/gcc/arm-none-eabi/14/thumb/v7e-m/nofp/libgcc.a(_arm_unorddf2.o)
 .debug_info    0x00027372       0x3c /usr/lib64/gcc/arm-none-eabi/14/thumb/v7e-m/nofp/libgcc.a(_arm_fixdfsi.o)

.debug_abbrev   0x00000000     0x8cba
 .debug_abbrev  0x00000000       0x24 CMakeFiles/CLionGD32F303CG.elf.dir/Drivers/CMSIS/GD/GD32F30x/Source/gcc/startup_gd32f30x_xd.S.obj
 .debug_abbrev  0x00000024      0x15f CMakeFiles/CLionGD32F303CG.elf.dir/Drivers/CMSIS/GD/GD32F30x/Source/system_gd32f30x.c.obj
 .debug_abbrev  0x00000183      0x220 CMakeFiles/CLionGD32F303CG.elf.dir/Drivers/GD32F30x_standard_peripheral/Source/gd32f30x_gpio.c.obj
 .debug_abbrev  0x000003a3      0x170 CMakeFiles/CLionGD32F303CG.elf.dir/Drivers/GD32F30x_standard_peripheral/Source/gd32f30x_misc.c.obj
 .debug_abbrev  0x00000513      0x1c6 CMakeFiles/CLionGD32F303CG.elf.dir/Drivers/GD32F30x_standard_peripheral/Source/gd32f30x_rcu.c.obj
 .debug_abbrev  0x000006d9      0x32d CMakeFiles/CLionGD32F303CG.elf.dir/Drivers/GD32F30x_usbd_library/class/device/cdc/Source/cdc_acm_core.c.obj
 .debug_abbrev  0x00000a06      0x23b CMakeFiles/CLionGD32F303CG.elf.dir/Drivers/GD32F30x_usbd_library/device/Source/usbd_core.c.obj
 .debug_abbrev  0x00000c41      0x3b3 CMakeFiles/CLionGD32F303CG.elf.dir/Drivers/GD32F30x_usbd_library/device/Source/usbd_enum.c.obj
 .debug_abbrev  0x00000ff4      0x26b CMakeFiles/CLionGD32F303CG.elf.dir/Drivers/GD32F30x_usbd_library/device/Source/usbd_transc.c.obj
 .debug_abbrev  0x0000125f      0x2ef CMakeFiles/CLionGD32F303CG.elf.dir/Drivers/GD32F30x_usbd_library/usbd/Source/usbd_lld_core.c.obj
 .debug_abbrev  0x0000154e      0x2a2 CMakeFiles/CLionGD32F303CG.elf.dir/Drivers/GD32F30x_usbd_library/usbd/Source/usbd_lld_int.c.obj
 .debug_abbrev  0x000017f0       0x7c CMakeFiles/CLionGD32F303CG.elf.dir/Source/gd32f30x_it.c.obj
 .debug_abbrev  0x0000186c      0x142 CMakeFiles/CLionGD32F303CG.elf.dir/Source/gd32f30x_usbd_hw.c.obj
 .debug_abbrev  0x000019ae      0x3cd CMakeFiles/CLionGD32F303CG.elf.dir/Source/main.c.obj
 .debug_abbrev  0x00001d7b      0x446 /usr/lib64/gcc/arm-none-eabi/14/../../../../arm-none-eabi/lib/thumb/v7e-m/nofp/libc.a(libc_a-findfp.o)
 .debug_abbrev  0x000021c1      0x1d9 /usr/lib64/gcc/arm-none-eabi/14/../../../../arm-none-eabi/lib/thumb/v7e-m/nofp/libc.a(libc_a-fwalk.o)
 .debug_abbrev  0x0000239a      0x256 /usr/lib64/gcc/arm-none-eabi/14/../../../../arm-none-eabi/lib/thumb/v7e-m/nofp/libc.a(libc_a-printf.o)